******************************************************************************
             TMS320C2000 Linker PC v16.9.6                     
******************************************************************************
>> Linked Fri Nov 04 14:43:42 2022

OUTPUT FILE NAME:   <ECCC_48VBoard.out>
ENTRY POINT SYMBOL: "_c_int00"  address: 0000a1e6


MEMORY CONFIGURATION

         name            origin    length      used     unused   attr    fill
----------------------  --------  ---------  --------  --------  ----  --------
PAGE 0:
  BEGIN                 00000000   00000002  00000002  00000000  RWIX
  RAMM0                 00000052   000003ae  00000000  000003ae  RWIX
  RAML0                 00008000   00002000  00001fff  00000001  RWIX
  RAML1                 0000a000   00002000  000003f3  00001c0d  RWIX
  ZONE7A                00200000   0000fc00  00000000  0000fc00  RWIX
  RAMH0                 00300000   00008000  00000000  00008000  RWIX
  RAMH1                 00308000   00008000  00000000  00008000  RWIX
  RAMH2                 00310000   00008000  00000000  00008000  RWIX
  CSM_RSVD              0033ff80   00000076  00000000  00000076  RWIX
  CSM_PWL_PROG          0033fff8   00000008  00000000  00000008  RWIX
  IQTABLES              003fe000   00000b50  00000000  00000b50  RWIX
  IQTABLES2             003feb50   0000008c  00000000  0000008c  RWIX
  FPUTABLES             003febdc   000006a0  00000000  000006a0  RWIX
  BOOTROM               003ff27c   00000d44  00000000  00000d44  RWIX
  RESET                 003fffc0   00000002  00000000  00000002  RWIX

PAGE 1:
  BOOT_RSVD             00000002   00000050  00000000  00000050  RWIX
  RAMM1                 00000400   00000400  00000300  00000100  RWIX
  DEV_EMU               00000880   00000180  000000d0  000000b0  RWIX
  CSM                   00000ae0   00000010  00000010  00000000  RWIX
  XINTF                 00000b20   00000020  0000001e  00000002  RWIX
  CPU_TIMER0            00000c00   00000008  00000008  00000000  RWIX
  CPU_TIMER1            00000c08   00000008  00000008  00000000  RWIX
  CPU_TIMER2            00000c10   00000008  00000008  00000000  RWIX
  PIE_CTRL              00000ce0   00000020  0000001a  00000006  RWIX
  PIE_VECT              00000d00   00000100  00000100  00000000  RWIX
  DMA                   00001000   00000200  000000e0  00000120  RWIX
  MCBSPA                00005000   00000040  00000025  0000001b  RWIX
  MCBSPB                00005040   00000040  00000025  0000001b  RWIX
  ECANA                 00006000   00000040  00000034  0000000c  RWIX
  ECANA_LAM             00006040   00000040  00000040  00000000  RWIX
  ECANA_MOTS            00006080   00000040  00000040  00000000  RWIX
  ECANA_MOTO            000060c0   00000040  00000040  00000000  RWIX
  ECANA_MBOX            00006100   00000100  00000100  00000000  RWIX
  ECANB                 00006200   00000040  00000034  0000000c  RWIX
  ECANB_LAM             00006240   00000040  00000040  00000000  RWIX
  ECANB_MOTS            00006280   00000040  00000040  00000000  RWIX
  ECANB_MOTO            000062c0   00000040  00000040  00000000  RWIX
  ECANB_MBOX            00006300   00000100  00000100  00000000  RWIX
  EPWM9                 00006600   00000022  00000022  00000000  RWIX
  EPWM1                 00006800   00000022  00000022  00000000  RWIX
  EPWM2                 00006840   00000022  00000022  00000000  RWIX
  EPWM3                 00006880   00000022  00000022  00000000  RWIX
  EPWM4                 000068c0   00000022  00000022  00000000  RWIX
  EPWM5                 00006900   00000022  00000022  00000000  RWIX
  EPWM6                 00006940   00000022  00000022  00000000  RWIX
  EPWM7                 00006980   00000022  00000022  00000000  RWIX
  EPWM8                 000069c0   00000022  00000022  00000000  RWIX
  ECAP1                 00006a00   00000020  00000020  00000000  RWIX
  ECAP2                 00006a20   00000020  00000020  00000000  RWIX
  ECAP3                 00006a40   00000020  00000020  00000000  RWIX
  ECAP4                 00006a60   00000020  00000020  00000000  RWIX
  ECAP5                 00006a80   00000020  00000020  00000000  RWIX
  ECAP6                 00006aa0   00000020  00000020  00000000  RWIX
  EQEP1                 00006b00   00000040  00000040  00000000  RWIX
  EQEP2                 00006b40   00000040  00000040  00000000  RWIX
  EQEP3                 00006b80   00000040  00000040  00000000  RWIX
  GPIOCTRL              00006f80   00000040  0000002e  00000012  RWIX
  GPIODAT               00006fc0   00000020  00000020  00000000  RWIX
  GPIOINT               00006fe0   00000020  0000000a  00000016  RWIX
  SYSTEM                00007010   00000021  00000020  00000001  RWIX
  SPIA                  00007040   00000010  00000010  00000000  RWIX
  SCIA                  00007050   00000010  00000010  00000000  RWIX
  XINTRUPT              00007070   00000010  00000010  00000000  RWIX
  SCIB                  00007750   00000010  00000010  00000000  RWIX
  SCIC                  00007770   00000010  00000010  00000000  RWIX
  SPID                  00007780   00000010  00000010  00000000  RWIX
  I2CA                  00007900   00000040  00000022  0000001e  RWIX
  RAML2                 0000c000   00002000  00000243  00001dbd  RWIX
  RAML3                 0000e000   00002000  00000100  00001f00  RWIX
  RAML4                 00010000   00002000  00000000  00002000  RWIX
  RAML5                 00012000   00002000  00000000  00002000  RWIX
  RAML6                 00014000   00002000  00000000  00002000  RWIX
  RAML7                 00016000   00002000  00000000  00002000  RWIX
  ZONE7B                0020fc00   00000400  00000000  00000400  RWIX
  RAMH3                 00318000   00008000  00000000  00008000  RWIX
  RAMH4                 00320000   00008000  00000000  00008000  RWIX
  RAMH5                 00328000   00008000  00000000  00008000  RWIX
  CSM_PWL               0033fff8   00000008  00000008  00000000  RWIX


SECTION ALLOCATION MAP

 output                                  attributes/
section   page    origin      length       input sections
--------  ----  ----------  ----------   ----------------
codestart 
*          0    00000000    00000002     
                  00000000    00000002     DSP2834x_CodeStartBranch.obj (codestart)

.cinit     0    00008000    00000161     
                  00008000    00000092     easy28x_gen2_bitfield_v9.4.obj (.cinit)
                  00008092    0000003a     da.obj (.cinit)
                  000080cc    00000037     adc.obj (.cinit)
                  00008103    00000020     <whole-program> (.cinit)
                  00008123    00000017     variable.obj (.cinit)
                  0000813a    0000000e     rts2800_fpu32.lib : exit.obj (.cinit)
                  00008148    00000008     fault.obj (.cinit)
                  00008150    00000005     <whole-program> (.cinit:__lock)
                  00008155    00000005     <whole-program> (.cinit:__unlock)
                  0000815a    00000005     main.obj (.cinit)
                  0000815f    00000002     --HOLE-- [fill = 0]

ramfuncs   0    00008161    00000004     
                  00008161    00000004     DSP2834x_usDelay.obj (ramfuncs)

.pinit     0    00008000    00000000     UNINITIALIZED

.text.1    0    00008166    00001e9a     
                  00008166    00001011     variable.obj (.text)
                  00009177    000002e4     easy28x_gen2_bitfield_v9.4.obj (.text:retain)
                  0000945b    000001fb     FsampInterrupt.obj (.text:retain)
                  00009656    000001a2     DSP2834x_EPwm.obj (.text)
                  000097f8    0000018d     DSP2834x_SWPrioritizedDefaultIsr.obj (.text:retain)
                  00009985    0000015c     adc.obj (.text)
                  00009ae1    00000108     DSP2834x_SysCtrl.obj (.text)
                  00009be9    000000fd     da.obj (.text)
                  00009ce6    000000d9     easy28x_gen2_bitfield_v9.4.obj (.text)
                  00009dbf    000000a7     FscInterrupt.obj (.text:retain)
                  00009e66    00000096     DSP2834x_Xintf.obj (.text)
                  00009efc    00000088     rts2800_fpu32.lib : fs_div28.obj (.text)
                  00009f84    00000071     DSP2834x_Gpio.obj (.text)
                  00009ff5    00000008     DSP2834x_CodeStartBranch.obj (.text)
                  00009ffd    00000002     rts2800_fpu32.lib : pre_init.obj (.text)
                  00009fff    00000001                       : _lock.obj (.text)

.text.2    0    0000a000    000003f3     
                  0000a000    0000006b     adc.obj (.text:retain)
                  0000a06b    00000065     filter.obj (.text)
                  0000a0d0    00000060     main.obj (.text)
                  0000a130    00000060     fault.obj (.text:retain)
                  0000a190    00000056     DSP2834x_CpuTimers.obj (.text)
                  0000a1e6    00000056     rts2800_fpu32.lib : boot28.obj (.text)
                  0000a23c    00000052     DSP2834x_EQep.obj (.text)
                  0000a28e    00000052     fault.obj (.text)
                  0000a2e0    00000029     rts2800_fpu32.lib : exit.obj (.text)
                  0000a309    00000028     DSP2834x_PieCtrl.obj (.text)
                  0000a331    00000001     rts2800_fpu32.lib : startup.obj (.text)
                  0000a332    00000025                       : e_sqrtf.obj (.text)
                  0000a357    00000024                       : cpy_tbl.obj (.text)
                  0000a37b    0000001e                       : ll_cmp28.obj (.text)
                  0000a399    0000001c                       : memcpy.obj (.text)
                  0000a3b5    00000019                       : args_main.obj (.text)
                  0000a3ce    00000018                       : ll_aox28.obj (.text)
                  0000a3e6    0000000d     DSP2834x_SWPrioritizedPieVect.obj (.text)

.stack     1    00000400    00000300     UNINITIALIZED
                  00000400    00000300     --HOLE--

DevEmuRegsFile 
*          1    00000880    000000d0     UNINITIALIZED
                  00000880    000000d0     DSP2834x_GlobalVariableDefs.obj (DevEmuRegsFile)

CsmRegsFile 
*          1    00000ae0    00000010     UNINITIALIZED
                  00000ae0    00000010     DSP2834x_GlobalVariableDefs.obj (CsmRegsFile)

XintfRegsFile 
*          1    00000b20    0000001e     UNINITIALIZED
                  00000b20    0000001e     DSP2834x_GlobalVariableDefs.obj (XintfRegsFile)

CpuTimer0RegsFile 
*          1    00000c00    00000008     UNINITIALIZED
                  00000c00    00000008     DSP2834x_GlobalVariableDefs.obj (CpuTimer0RegsFile)

CpuTimer1RegsFile 
*          1    00000c08    00000008     UNINITIALIZED
                  00000c08    00000008     DSP2834x_GlobalVariableDefs.obj (CpuTimer1RegsFile)

CpuTimer2RegsFile 
*          1    00000c10    00000008     UNINITIALIZED
                  00000c10    00000008     DSP2834x_GlobalVariableDefs.obj (CpuTimer2RegsFile)

PieCtrlRegsFile 
*          1    00000ce0    0000001a     UNINITIALIZED
                  00000ce0    0000001a     DSP2834x_GlobalVariableDefs.obj (PieCtrlRegsFile)

PieVectTableFile 
*          1    00000d00    00000100     UNINITIALIZED
                  00000d00    00000100     DSP2834x_GlobalVariableDefs.obj (PieVectTableFile)

DmaRegsFile 
*          1    00001000    000000e0     UNINITIALIZED
                  00001000    000000e0     DSP2834x_GlobalVariableDefs.obj (DmaRegsFile)

McbspaRegsFile 
*          1    00005000    00000025     UNINITIALIZED
                  00005000    00000025     DSP2834x_GlobalVariableDefs.obj (McbspaRegsFile)

McbspbRegsFile 
*          1    00005040    00000025     UNINITIALIZED
                  00005040    00000025     DSP2834x_GlobalVariableDefs.obj (McbspbRegsFile)

ECanaRegsFile 
*          1    00006000    00000034     UNINITIALIZED
                  00006000    00000034     DSP2834x_GlobalVariableDefs.obj (ECanaRegsFile)

ECanaLAMRegsFile 
*          1    00006040    00000040     UNINITIALIZED
                  00006040    00000040     DSP2834x_GlobalVariableDefs.obj (ECanaLAMRegsFile)

ECanaMOTSRegsFile 
*          1    00006080    00000040     UNINITIALIZED
                  00006080    00000040     DSP2834x_GlobalVariableDefs.obj (ECanaMOTSRegsFile)

ECanaMOTORegsFile 
*          1    000060c0    00000040     UNINITIALIZED
                  000060c0    00000040     DSP2834x_GlobalVariableDefs.obj (ECanaMOTORegsFile)

ECanaMboxesFile 
*          1    00006100    00000100     UNINITIALIZED
                  00006100    00000100     DSP2834x_GlobalVariableDefs.obj (ECanaMboxesFile)

ECanbRegsFile 
*          1    00006200    00000034     UNINITIALIZED
                  00006200    00000034     DSP2834x_GlobalVariableDefs.obj (ECanbRegsFile)

ECanbLAMRegsFile 
*          1    00006240    00000040     UNINITIALIZED
                  00006240    00000040     DSP2834x_GlobalVariableDefs.obj (ECanbLAMRegsFile)

ECanbMOTSRegsFile 
*          1    00006280    00000040     UNINITIALIZED
                  00006280    00000040     DSP2834x_GlobalVariableDefs.obj (ECanbMOTSRegsFile)

ECanbMOTORegsFile 
*          1    000062c0    00000040     UNINITIALIZED
                  000062c0    00000040     DSP2834x_GlobalVariableDefs.obj (ECanbMOTORegsFile)

ECanbMboxesFile 
*          1    00006300    00000100     UNINITIALIZED
                  00006300    00000100     DSP2834x_GlobalVariableDefs.obj (ECanbMboxesFile)

EPwm9RegsFile 
*          1    00006600    00000022     UNINITIALIZED
                  00006600    00000022     DSP2834x_GlobalVariableDefs.obj (EPwm9RegsFile)

EPwm1RegsFile 
*          1    00006800    00000022     UNINITIALIZED
                  00006800    00000022     DSP2834x_GlobalVariableDefs.obj (EPwm1RegsFile)

EPwm2RegsFile 
*          1    00006840    00000022     UNINITIALIZED
                  00006840    00000022     DSP2834x_GlobalVariableDefs.obj (EPwm2RegsFile)

EPwm3RegsFile 
*          1    00006880    00000022     UNINITIALIZED
                  00006880    00000022     DSP2834x_GlobalVariableDefs.obj (EPwm3RegsFile)

EPwm4RegsFile 
*          1    000068c0    00000022     UNINITIALIZED
                  000068c0    00000022     DSP2834x_GlobalVariableDefs.obj (EPwm4RegsFile)

EPwm5RegsFile 
*          1    00006900    00000022     UNINITIALIZED
                  00006900    00000022     DSP2834x_GlobalVariableDefs.obj (EPwm5RegsFile)

EPwm6RegsFile 
*          1    00006940    00000022     UNINITIALIZED
                  00006940    00000022     DSP2834x_GlobalVariableDefs.obj (EPwm6RegsFile)

EPwm7RegsFile 
*          1    00006980    00000022     UNINITIALIZED
                  00006980    00000022     DSP2834x_GlobalVariableDefs.obj (EPwm7RegsFile)

EPwm8RegsFile 
*          1    000069c0    00000022     UNINITIALIZED
                  000069c0    00000022     DSP2834x_GlobalVariableDefs.obj (EPwm8RegsFile)

ECap1RegsFile 
*          1    00006a00    00000020     UNINITIALIZED
                  00006a00    00000020     DSP2834x_GlobalVariableDefs.obj (ECap1RegsFile)

ECap2RegsFile 
*          1    00006a20    00000020     UNINITIALIZED
                  00006a20    00000020     DSP2834x_GlobalVariableDefs.obj (ECap2RegsFile)

ECap3RegsFile 
*          1    00006a40    00000020     UNINITIALIZED
                  00006a40    00000020     DSP2834x_GlobalVariableDefs.obj (ECap3RegsFile)

ECap4RegsFile 
*          1    00006a60    00000020     UNINITIALIZED
                  00006a60    00000020     DSP2834x_GlobalVariableDefs.obj (ECap4RegsFile)

ECap5RegsFile 
*          1    00006a80    00000020     UNINITIALIZED
                  00006a80    00000020     DSP2834x_GlobalVariableDefs.obj (ECap5RegsFile)

ECap6RegsFile 
*          1    00006aa0    00000020     UNINITIALIZED
                  00006aa0    00000020     DSP2834x_GlobalVariableDefs.obj (ECap6RegsFile)

EQep1RegsFile 
*          1    00006b00    00000040     UNINITIALIZED
                  00006b00    00000040     DSP2834x_GlobalVariableDefs.obj (EQep1RegsFile)

EQep2RegsFile 
*          1    00006b40    00000040     UNINITIALIZED
                  00006b40    00000040     DSP2834x_GlobalVariableDefs.obj (EQep2RegsFile)

EQep3RegsFile 
*          1    00006b80    00000040     UNINITIALIZED
                  00006b80    00000040     DSP2834x_GlobalVariableDefs.obj (EQep3RegsFile)

GpioCtrlRegsFile 
*          1    00006f80    0000002e     UNINITIALIZED
                  00006f80    0000002e     DSP2834x_GlobalVariableDefs.obj (GpioCtrlRegsFile)

GpioDataRegsFile 
*          1    00006fc0    00000020     UNINITIALIZED
                  00006fc0    00000020     DSP2834x_GlobalVariableDefs.obj (GpioDataRegsFile)

GpioIntRegsFile 
*          1    00006fe0    0000000a     UNINITIALIZED
                  00006fe0    0000000a     DSP2834x_GlobalVariableDefs.obj (GpioIntRegsFile)

SysCtrlRegsFile 
*          1    00007010    00000020     UNINITIALIZED
                  00007010    00000020     DSP2834x_GlobalVariableDefs.obj (SysCtrlRegsFile)

SpiaRegsFile 
*          1    00007040    00000010     UNINITIALIZED
                  00007040    00000010     DSP2834x_GlobalVariableDefs.obj (SpiaRegsFile)

SciaRegsFile 
*          1    00007050    00000010     UNINITIALIZED
                  00007050    00000010     DSP2834x_GlobalVariableDefs.obj (SciaRegsFile)

XIntruptRegsFile 
*          1    00007070    00000010     UNINITIALIZED
                  00007070    00000010     DSP2834x_GlobalVariableDefs.obj (XIntruptRegsFile)

ScibRegsFile 
*          1    00007750    00000010     UNINITIALIZED
                  00007750    00000010     DSP2834x_GlobalVariableDefs.obj (ScibRegsFile)

ScicRegsFile 
*          1    00007770    00000010     UNINITIALIZED
                  00007770    00000010     DSP2834x_GlobalVariableDefs.obj (ScicRegsFile)

SpidRegsFile 
*          1    00007780    00000010     UNINITIALIZED
                  00007780    00000010     DSP2834x_GlobalVariableDefs.obj (SpidRegsFile)

I2caRegsFile 
*          1    00007900    00000022     UNINITIALIZED
                  00007900    00000022     DSP2834x_GlobalVariableDefs.obj (I2caRegsFile)

.ebss      1    0000c000    00000243     UNINITIALIZED
                  0000c000    0000018c     variable.obj (.ebss)
                  0000c18c    0000002c     easy28x_gen2_bitfield_v9.4.obj (.ebss)
                  0000c1b8    00000006     FsampInterrupt.obj (.ebss)
                  0000c1be    00000002     rts2800_fpu32.lib : _lock.obj (.ebss:__lock)
                  0000c1c0    00000028     da.obj (.ebss)
                  0000c1e8    00000018     DSP2834x_CpuTimers.obj (.ebss)
                  0000c200    00000022     adc.obj (.ebss)
                  0000c222    00000010     fault.obj (.ebss)
                  0000c232    00000006     FscInterrupt.obj (.ebss)
                  0000c238    00000006     rts2800_fpu32.lib : exit.obj (.ebss)
                  0000c23e    00000002                       : _lock.obj (.ebss:__unlock)
                  0000c240    00000002     main.obj (.ebss)
                  0000c242    00000001     rts2800_fpu32.lib : errno.obj (.ebss)

.econst    1    0000e000    00000100     
                  0000e000    00000100     DSP2834x_SWPrioritizedPieVect.obj (.econst:_PieVectTableInit)

.reset     0    003fffc0    00000002     DSECT
                  003fffc0    00000002     rts2800_fpu32.lib : boot28.obj (.reset)

csm_rsvd   0    0033ff80    00000000     DSECT

csmpasswds 
*          0    0033fff8    00000000     DSECT

CsmPwlFile 
*          1    0033fff8    00000008     UNINITIALIZED
                  0033fff8    00000008     DSP2834x_GlobalVariableDefs.obj (CsmPwlFile)

MODULE SUMMARY

       Module                                   code   initialized data   uninitialized data
       ------                                   ----   ----------------   ------------------
    .\source\
       variable.obj                             4113   23                 396               
       DSP2834x_GlobalVariableDefs.obj          0      0                  2806              
       easy28x_gen2_bitfield_v9.4.obj           957    146                44                
       adc.obj                                  455    55                 34                
       FsampInterrupt.obj                       507    0                  6                 
       DSP2834x_EPwm.obj                        418    0                  0                 
       DSP2834x_SWPrioritizedDefaultIsr.obj     397    0                  0                 
       da.obj                                   253    58                 40                
       DSP2834x_SWPrioritizedPieVect.obj        13     256                0                 
       DSP2834x_SysCtrl.obj                     264    0                  0                 
       fault.obj                                178    8                  16                
       FscInterrupt.obj                         167    0                  6                 
       DSP2834x_Xintf.obj                       150    0                  0                 
       DSP2834x_Gpio.obj                        113    0                  0                 
       DSP2834x_CpuTimers.obj                   86     0                  24                
       main.obj                                 96     5                  2                 
       filter.obj                               101    0                  0                 
       DSP2834x_EQep.obj                        82     0                  0                 
       DSP2834x_PieCtrl.obj                     40     0                  0                 
       DSP2834x_CodeStartBranch.obj             10     0                  0                 
       DSP2834x_usDelay.obj                     4      0                  0                 
    +--+----------------------------------------+------+------------------+--------------------+
       Total:                                   8404   551                3374              
                                                                                            
    C:\Users\1324w\AppData\Local\Temp\
       {E86249DA-1AFA-4771-A082-031254E811CF}   0      42                 0                 
    +--+----------------------------------------+------+------------------+--------------------+
       Total:                                   0      42                 0                 
                                                                                            
    C:\ti\ccsv7\tools\compiler\ti-cgt-c2000_16.9.6.LTS\lib\rts2800_fpu32.lib
       fs_div28.obj                             136    0                  0                 
       boot28.obj                               86     0                  0                 
       exit.obj                                 41     14                 6                 
       e_sqrtf.obj                              37     0                  0                 
       cpy_tbl.obj                              36     0                  0                 
       ll_cmp28.obj                             30     0                  0                 
       memcpy.obj                               28     0                  0                 
       args_main.obj                            25     0                  0                 
       ll_aox28.obj                             24     0                  0                 
       _lock.obj                                1      0                  4                 
       pre_init.obj                             2      0                  0                 
       errno.obj                                0      0                  1                 
       startup.obj                              1      0                  0                 
    +--+----------------------------------------+------+------------------+--------------------+
       Total:                                   447    14                 11                
                                                                                            
       Stack:                                   0      0                  768               
    +--+----------------------------------------+------+------------------+--------------------+
       Grand Total:                             8851   607                4153              


GLOBAL DATA SYMBOLS: SORTED BY DATA PAGE

address     data page           name
--------    ----------------    ----
00000400      10 (00000400)     __stack

00000880      22 (00000880)     _DevEmuRegs

00000ae0      2b (00000ac0)     _CsmRegs

00000b20      2c (00000b00)     _XintfRegs

00000c00      30 (00000c00)     _CpuTimer0Regs
00000c08      30 (00000c00)     _CpuTimer1Regs
00000c10      30 (00000c00)     _CpuTimer2Regs

00000ce0      33 (00000cc0)     _PieCtrlRegs

00000d00      34 (00000d00)     _PieVectTable

00001000      40 (00001000)     _DmaRegs

00005000     140 (00005000)     _McbspaRegs

00005040     141 (00005040)     _McbspbRegs

00006000     180 (00006000)     _ECanaRegs

00006040     181 (00006040)     _ECanaLAMRegs

00006080     182 (00006080)     _ECanaMOTSRegs

000060c0     183 (000060c0)     _ECanaMOTORegs

00006100     184 (00006100)     _ECanaMboxes

00006200     188 (00006200)     _ECanbRegs

00006240     189 (00006240)     _ECanbLAMRegs

00006280     18a (00006280)     _ECanbMOTSRegs

000062c0     18b (000062c0)     _ECanbMOTORegs

00006300     18c (00006300)     _ECanbMboxes

00006600     198 (00006600)     _EPwm9Regs

00006800     1a0 (00006800)     _EPwm1Regs

00006840     1a1 (00006840)     _EPwm2Regs

00006880     1a2 (00006880)     _EPwm3Regs

000068c0     1a3 (000068c0)     _EPwm4Regs

00006900     1a4 (00006900)     _EPwm5Regs

00006940     1a5 (00006940)     _EPwm6Regs

00006980     1a6 (00006980)     _EPwm7Regs

000069c0     1a7 (000069c0)     _EPwm8Regs

00006a00     1a8 (00006a00)     _ECap1Regs
00006a20     1a8 (00006a00)     _ECap2Regs

00006a40     1a9 (00006a40)     _ECap3Regs
00006a60     1a9 (00006a40)     _ECap4Regs

00006a80     1aa (00006a80)     _ECap5Regs
00006aa0     1aa (00006a80)     _ECap6Regs

00006b00     1ac (00006b00)     _EQep1Regs

00006b40     1ad (00006b40)     _EQep2Regs

00006b80     1ae (00006b80)     _EQep3Regs

00006f80     1be (00006f80)     _GpioCtrlRegs

00006fc0     1bf (00006fc0)     _GpioDataRegs
00006fe0     1bf (00006fc0)     _GpioIntRegs

00007010     1c0 (00007000)     _SysCtrlRegs

00007040     1c1 (00007040)     _SpiaRegs
00007050     1c1 (00007040)     _SciaRegs
00007070     1c1 (00007040)     _XIntruptRegs

00007750     1dd (00007740)     _ScibRegs
00007770     1dd (00007740)     _ScicRegs

00007780     1de (00007780)     _SpidRegs

00007900     1e4 (00007900)     _I2caRegs

0000c000     300 (0000c000)     _cnt_delay
0000c001     300 (0000c000)     _maxCount_SC
0000c002     300 (0000c000)     _maxCount_samp
0000c004     300 (0000c000)     _Tsamp
0000c006     300 (0000c000)     _Tsc
0000c008     300 (0000c000)     _CmprTemp
0000c00a     300 (0000c000)     _Flag

0000c040     301 (0000c040)     _INV_M

0000c18c     306 (0000c180)     _ezDSP_uLive
0000c18d     306 (0000c180)     _ezDSP_uFlashDataCount
0000c18e     306 (0000c180)     _ezDSP_ucFlashCmd
0000c18f     306 (0000c180)     _ezDSP_uFlashErrorFlag
0000c190     306 (0000c180)     _ezDSP_ucFlashRead
0000c191     306 (0000c180)     _ezDSP_uAddrRdCnt
0000c192     306 (0000c180)     _ezDSP_uChksum
0000c193     306 (0000c180)     _ezDSP_uDataRdCnt
0000c194     306 (0000c180)     _ezDSP_uFlashErrorCount
0000c195     306 (0000c180)     _ezDSP_uFlashRdCnt
0000c196     306 (0000c180)     _ezDSP_uMaxRxFifoCnt
0000c197     306 (0000c180)     _ezDSP_uRxFifoCnt
0000c198     306 (0000c180)     _ezDSP_uTxFifoCnt
0000c199     306 (0000c180)     _ezDSP_uTxFifoFullCnt
0000c19a     306 (0000c180)     _ezDSP_uMaxTxFifoCnt
0000c19b     306 (0000c180)     _ezDSP_uBlockIndex
0000c19c     306 (0000c180)     _ezDSP_uBlockSize
0000c19d     306 (0000c180)     _ezDSP_uChkSumCalculated
0000c19e     306 (0000c180)     _ezDSP_uISRTxCount
0000c19f     306 (0000c180)     _ezDSP_uISRRxCount
0000c1a0     306 (0000c180)     _ezDSP_uSPIFlashInitError
0000c1a1     306 (0000c180)     _ezDSP_uOECount
0000c1a2     306 (0000c180)     _ezDSP_uFECount
0000c1a3     306 (0000c180)     _ezDSP_uWrongISRCount
0000c1a4     306 (0000c180)     _ezDSP_uOnChipFlash
0000c1a5     306 (0000c180)     _ezDSP_uRead8BPossible
0000c1a6     306 (0000c180)     _ezDSP_uPECount
0000c1a7     306 (0000c180)     _ezDSP_Version_SCI
0000c1a8     306 (0000c180)     _ezDSP_uState
0000c1a9     306 (0000c180)     _ezDSP_uData
0000c1aa     306 (0000c180)     _ezDSP_uRead16BPossible
0000c1ab     306 (0000c180)     _ezDSP_uBRKDTCount
0000c1ac     306 (0000c180)     _ezDSP_ucRx
0000c1ae     306 (0000c180)     _ezDSP_ulAddr
0000c1b0     306 (0000c180)     _ezDSP_ulData
0000c1b2     306 (0000c180)     _ezDSP_fFloat
0000c1b4     306 (0000c180)     _ezDSP_ullData
0000c1b8     306 (0000c180)     _FsampCnt
0000c1ba     306 (0000c180)     _TimeFsampInt
0000c1bc     306 (0000c180)     _FsampIntTimerStart
0000c1be     306 (0000c180)     __lock

0000c1c0     307 (0000c1c0)     _da_type
0000c1c4     307 (0000c1c0)     _da_data
0000c1c8     307 (0000c1c0)     _da_mid
0000c1d0     307 (0000c1c0)     _da_scale
0000c1d8     307 (0000c1c0)     _da_temp
0000c1e0     307 (0000c1c0)     _da
0000c1e8     307 (0000c1c0)     _CpuTimer2
0000c1f0     307 (0000c1c0)     _CpuTimer0
0000c1f8     307 (0000c1c0)     _CpuTimer1

0000c200     308 (0000c200)     _uCnt
0000c201     308 (0000c200)     _uOffsetLoopCnt
0000c202     308 (0000c200)     _uOffsetMaxCnt
0000c203     308 (0000c200)     _uOffset_v
0000c204     308 (0000c200)     _AD0CH
0000c20a     308 (0000c200)     _ScaleAD0
0000c216     308 (0000c200)     _OffsetAD0
0000c222     308 (0000c200)     _TZFault
0000c223     308 (0000c200)     _SWFault
0000c224     308 (0000c200)     _Fault_info_M
0000c232     308 (0000c200)     _FscCnt
0000c234     308 (0000c200)     _TimeFscInt
0000c236     308 (0000c200)     _FscIntTimerStart
0000c238     308 (0000c200)     ___TI_enable_exit_profile_output
0000c23a     308 (0000c200)     ___TI_cleanup_ptr
0000c23c     308 (0000c200)     ___TI_dtors_ptr
0000c23e     308 (0000c200)     __unlock

0000c240     309 (0000c240)     _loopCnt
0000c242     309 (0000c240)     _errno

0000e000     380 (0000e000)     _PieVectTableInit

0033fff8    cfff (0033ffc0)     _CsmPwl


GLOBAL SYMBOLS: SORTED ALPHABETICALLY BY Name 

page  address   name                            
----  -------   ----                            
abs   ffffffff  .text                           
0     0000a2e0  C$$EXIT                         
0     00009efc  FS$$DIV                         
0     0000a3ce  LL$$AND                         
0     0000a37b  LL$$CMP                         
0     0000a3d6  LL$$OR                          
0     0000a3de  LL$$XOR                         
0     0000a38d  ULL$$CMP                        
1     0000c204  _AD0CH                          
0     00009a57  _ADC0_Process                   
0     00009985  _ADCOffset                      
0     00008f3b  _Align                          
0     00008eb3  _BootstrapCharge                
0     0000a2c0  _ClearFault                     
1     0000c008  _CmprTemp                       
0     0000a1c3  _ConfigCpuTimer                 
0     000096e5  _ConfigureEPWM                  
1     0000c1f0  _CpuTimer0                      
1     00000c00  _CpuTimer0Regs                  
1     0000c1f8  _CpuTimer1                      
1     00000c08  _CpuTimer1Regs                  
1     0000c1e8  _CpuTimer2                      
1     00000c10  _CpuTimer2Regs                  
1     0033fff8  _CsmPwl                         
1     00000ae0  _CsmRegs                        
0     00009bcf  _CsmUnlock                      
0     00008dc6  _CurrentControl                 
0     00008ca9  _CurrentRefGenerator            
0     00008161  _DSP28x_usDelay                 
1     00000880  _DevEmuRegs                     
0     00009aeb  _DisableDog                     
1     00001000  _DmaRegs                        
1     00006040  _ECanaLAMRegs                   
1     000060c0  _ECanaMOTORegs                  
1     00006080  _ECanaMOTSRegs                  
1     00006100  _ECanaMboxes                    
1     00006000  _ECanaRegs                      
1     00006240  _ECanbLAMRegs                   
1     000062c0  _ECanbMOTORegs                  
1     00006280  _ECanbMOTSRegs                  
1     00006300  _ECanbMboxes                    
1     00006200  _ECanbRegs                      
1     00006a00  _ECap1Regs                      
1     00006a20  _ECap2Regs                      
1     00006a40  _ECap3Regs                      
1     00006a60  _ECap4Regs                      
1     00006a80  _ECap5Regs                      
1     00006aa0  _ECap6Regs                      
0     0000997a  _EMUINT_ISR                     
0     0000995f  _EPWM1_INT_ISR                  
0     00009944  _EPWM1_TZINT_ISR                
0     00009929  _EPWM9_INT_ISR                  
1     00006800  _EPwm1Regs                      
1     00006840  _EPwm2Regs                      
1     00006880  _EPwm3Regs                      
1     000068c0  _EPwm4Regs                      
1     00006900  _EPwm5Regs                      
1     00006940  _EPwm6Regs                      
1     00006980  _EPwm7Regs                      
1     000069c0  _EPwm8Regs                      
1     00006600  _EPwm9Regs                      
1     00006b00  _EQep1Regs                      
1     00006b40  _EQep2Regs                      
1     00006b80  _EQep3Regs                      
0     0000a328  _EnableInterrupts               
0     0000a130  _FaultInterrupt                 
1     0000c224  _Fault_info_M                   
1     0000c00a  _Flag                           
1     0000c1b8  _FsampCnt                       
1     0000c1bc  _FsampIntTimerStart             
0     0000945b  _FsampPeakInterrupt             
1     0000c232  _FscCnt                         
1     0000c236  _FscIntTimerStart               
0     00009dbf  _FscInterrupt                   
1     00006f80  _GpioCtrlRegs                   
1     00006fc0  _GpioDataRegs                   
1     00006fe0  _GpioIntRegs                    
1     00007900  _I2caRegs                       
0     0000a0b4  _IIR1Update                     
0     0000991e  _ILLEGAL_ISR                    
0     00009914  _INT_NOTUSED_ISR                
1     0000c040  _INV_M                          
0     00009a4e  _InitAdc                        
0     0000a190  _InitCpuTimers                  
0     00009766  _InitEPwm                       
0     00009656  _InitEPwm1Gpio                  
0     0000966c  _InitEPwm2Gpio                  
0     00009682  _InitEPwm3Gpio                  
0     000096cd  _InitEPwm4Gpio                  
0     000096b7  _InitEPwm5Gpio                  
0     000096a1  _InitEPwm6Gpio                  
0     0000969a  _InitEPwmGpio                   
0     0000a26f  _InitEQep                       
0     0000a23c  _InitEQepGpio                   
0     0000a29a  _InitFault                      
0     00008ca3  _InitFlag                       
0     00009f84  _InitGpio                       
0     00008c5d  _InitParameter                  
0     00009b56  _InitPeripheralClocks           
0     0000a309  _InitPieCtrl                    
0     0000a3e6  _InitPieVectTable               
0     00009af3  _InitPll                        
0     00009cb0  _InitSerialDac                  
0     00009bc6  _InitSysCtrl                    
0     00008b4f  _InitUserDefinedVars            
0     00009e66  _InitXintf16Gpio                
0     000088a3  _Init_Controller                
0     000098f9  _LUF_ISR                        
0     000098de  _LVF_ISR                        
1     00005000  _McbspaRegs                     
1     00005040  _McbspbRegs                     
0     000098d3  _NMI_ISR                        
1     0000c216  _OffsetAD0                      
0     0000a000  _OffsetInterrupt                
0     000098c9  _PIE_RESERVED                   
1     00000ce0  _PieCtrlRegs                    
1     00000d00  _PieVectTable                   
1     0000e000  _PieVectTableInit               
0     00008852  _PwmUpdate                      
0     000098bc  _RTOSINT_ISR                    
0     000098a1  _SCIRXINTA_ISR                  
0     00009886  _SCITXINTA_ISR                  
1     0000c223  _SWFault                        
0     0000a28e  _SWFaultFunc                    
1     0000c20a  _ScaleAD0                       
1     00007050  _SciaRegs                       
1     00007750  _ScibRegs                       
1     00007770  _ScicRegs                       
0     00009be9  _SerialDacOut                   
0     00009ae1  _ServiceDog                     
0     000083ea  _SlopeGenerator                 
0     00008407  _SpeedObserver                  
1     00007040  _SpiaRegs                       
1     00007780  _SpidRegs                       
0     00008347  _Switch_DSP_Off                 
0     000082f9  _Switch_DSP_On                  
1     00007010  _SysCtrlRegs                    
1     0000c222  _TZFault                        
1     0000c1ba  _TimeFsampInt                   
1     0000c234  _TimeFscInt                     
1     0000c004  _Tsamp                          
1     0000c006  _Tsc                            
0     0000987b  _USER10_ISR                     
0     00009870  _USER11_ISR                     
0     00009865  _USER12_ISR                     
0     0000985a  _USER1_ISR                      
0     0000984f  _USER2_ISR                      
0     00009844  _USER3_ISR                      
0     00009839  _USER4_ISR                      
0     0000982e  _USER5_ISR                      
0     00009823  _USER6_ISR                      
0     00009818  _USER7_ISR                      
0     0000980d  _USER8_ISR                      
0     00009802  _USER9_ISR                      
0     000082f8  _UpdateGain                     
0     0000817a  _VoltageModulation              
1     00007070  _XIntruptRegs                   
0     00009ec0  _XintfInit                      
1     00000b20  _XintfRegs                      
1     00000700  __STACK_END                     
abs   00000300  __STACK_SIZE                    
1     0000c23a  ___TI_cleanup_ptr               
1     0000c23c  ___TI_dtors_ptr                 
1     0000c238  ___TI_enable_exit_profile_output
abs   ffffffff  ___TI_pprof_out_hndl            
abs   ffffffff  ___TI_prof_data_size            
abs   ffffffff  ___TI_prof_data_start           
abs   ffffffff  ___binit__                      
abs   ffffffff  ___c_args__                     
0     00008000  ___cinit__                      
abs   ffffffff  ___etext__                      
abs   ffffffff  ___pinit__                      
abs   ffffffff  ___text__                       
0     0000a3b5  __args_main                     
1     0000c1be  __lock                          
0     00009fff  __nop                           
1     00000400  __stack                         
0     0000a331  __system_post_cinit             
0     00009ffd  __system_pre_init               
1     0000c23e  __unlock                        
0     0000a2e0  _abort                          
0     0000a1e6  _c_int00                        
1     0000c000  _cnt_delay                      
0     0000a357  _copy_in                        
1     0000c1e0  _da                             
1     0000c1c4  _da_data                        
1     0000c1c8  _da_mid                         
1     0000c1d0  _da_scale                       
1     0000c1d8  _da_temp                        
1     0000c1c0  _da_type                        
0     00008166  _delaycc                        
0     00009d59  _easyDSP_SCI_Init               
0     00009d00  _easyDSP_SPI_Flashrom_Init      
0     00009177  _easy_RXINT_ISR                 
1     0000c242  _errno                          
0     0000a2e2  _exit                           
1     0000c1a7  _ezDSP_Version_SCI              
1     0000c1b2  _ezDSP_fFloat                   
1     0000c191  _ezDSP_uAddrRdCnt               
1     0000c1ab  _ezDSP_uBRKDTCount              
1     0000c19b  _ezDSP_uBlockIndex              
1     0000c19c  _ezDSP_uBlockSize               
1     0000c19d  _ezDSP_uChkSumCalculated        
1     0000c192  _ezDSP_uChksum                  
1     0000c1a9  _ezDSP_uData                    
1     0000c193  _ezDSP_uDataRdCnt               
1     0000c1a2  _ezDSP_uFECount                 
1     0000c18d  _ezDSP_uFlashDataCount          
1     0000c194  _ezDSP_uFlashErrorCount         
1     0000c18f  _ezDSP_uFlashErrorFlag          
1     0000c195  _ezDSP_uFlashRdCnt              
1     0000c19f  _ezDSP_uISRRxCount              
1     0000c19e  _ezDSP_uISRTxCount              
1     0000c18c  _ezDSP_uLive                    
1     0000c196  _ezDSP_uMaxRxFifoCnt            
1     0000c19a  _ezDSP_uMaxTxFifoCnt            
1     0000c1a1  _ezDSP_uOECount                 
1     0000c1a4  _ezDSP_uOnChipFlash             
1     0000c1a6  _ezDSP_uPECount                 
1     0000c1aa  _ezDSP_uRead16BPossible         
1     0000c1a5  _ezDSP_uRead8BPossible          
1     0000c197  _ezDSP_uRxFifoCnt               
1     0000c1a0  _ezDSP_uSPIFlashInitError       
1     0000c1a8  _ezDSP_uState                   
1     0000c198  _ezDSP_uTxFifoCnt               
1     0000c199  _ezDSP_uTxFifoFullCnt           
1     0000c1a3  _ezDSP_uWrongISRCount           
1     0000c18e  _ezDSP_ucFlashCmd               
1     0000c190  _ezDSP_ucFlashRead              
1     0000c1ac  _ezDSP_ucRx                     
1     0000c1ae  _ezDSP_ulAddr                   
1     0000c1b0  _ezDSP_ulData                   
1     0000c1b4  _ezDSP_ullData                  
0     0000a06b  _initiateIIR1                   
1     0000c240  _loopCnt                        
0     0000a0d0  _main                           
1     0000c001  _maxCount_SC                    
1     0000c002  _maxCount_samp                  
0     0000a399  _memcpy                         
0     000097f8  _rsvd_ISR                       
0     0000a332  _sqrt                           
0     0000a332  _sqrtf                          
1     0000c200  _uCnt                           
1     0000c201  _uOffsetLoopCnt                 
1     0000c202  _uOffsetMaxCnt                  
1     0000c203  _uOffset_v                      
abs   ffffffff  binit                           
0     00008000  cinit                           
0     00000000  code_start                      
abs   ffffffff  etext                           
abs   ffffffff  pinit                           


GLOBAL SYMBOLS: SORTED BY Symbol Address 

page  address   name                            
----  -------   ----                            
0     00000000  code_start                      
0     00008000  ___cinit__                      
0     00008000  cinit                           
0     00008161  _DSP28x_usDelay                 
0     00008166  _delaycc                        
0     0000817a  _VoltageModulation              
0     000082f8  _UpdateGain                     
0     000082f9  _Switch_DSP_On                  
0     00008347  _Switch_DSP_Off                 
0     000083ea  _SlopeGenerator                 
0     00008407  _SpeedObserver                  
0     00008852  _PwmUpdate                      
0     000088a3  _Init_Controller                
0     00008b4f  _InitUserDefinedVars            
0     00008c5d  _InitParameter                  
0     00008ca3  _InitFlag                       
0     00008ca9  _CurrentRefGenerator            
0     00008dc6  _CurrentControl                 
0     00008eb3  _BootstrapCharge                
0     00008f3b  _Align                          
0     00009177  _easy_RXINT_ISR                 
0     0000945b  _FsampPeakInterrupt             
0     00009656  _InitEPwm1Gpio                  
0     0000966c  _InitEPwm2Gpio                  
0     00009682  _InitEPwm3Gpio                  
0     0000969a  _InitEPwmGpio                   
0     000096a1  _InitEPwm6Gpio                  
0     000096b7  _InitEPwm5Gpio                  
0     000096cd  _InitEPwm4Gpio                  
0     000096e5  _ConfigureEPWM                  
0     00009766  _InitEPwm                       
0     000097f8  _rsvd_ISR                       
0     00009802  _USER9_ISR                      
0     0000980d  _USER8_ISR                      
0     00009818  _USER7_ISR                      
0     00009823  _USER6_ISR                      
0     0000982e  _USER5_ISR                      
0     00009839  _USER4_ISR                      
0     00009844  _USER3_ISR                      
0     0000984f  _USER2_ISR                      
0     0000985a  _USER1_ISR                      
0     00009865  _USER12_ISR                     
0     00009870  _USER11_ISR                     
0     0000987b  _USER10_ISR                     
0     00009886  _SCITXINTA_ISR                  
0     000098a1  _SCIRXINTA_ISR                  
0     000098bc  _RTOSINT_ISR                    
0     000098c9  _PIE_RESERVED                   
0     000098d3  _NMI_ISR                        
0     000098de  _LVF_ISR                        
0     000098f9  _LUF_ISR                        
0     00009914  _INT_NOTUSED_ISR                
0     0000991e  _ILLEGAL_ISR                    
0     00009929  _EPWM9_INT_ISR                  
0     00009944  _EPWM1_TZINT_ISR                
0     0000995f  _EPWM1_INT_ISR                  
0     0000997a  _EMUINT_ISR                     
0     00009985  _ADCOffset                      
0     00009a4e  _InitAdc                        
0     00009a57  _ADC0_Process                   
0     00009ae1  _ServiceDog                     
0     00009aeb  _DisableDog                     
0     00009af3  _InitPll                        
0     00009b56  _InitPeripheralClocks           
0     00009bc6  _InitSysCtrl                    
0     00009bcf  _CsmUnlock                      
0     00009be9  _SerialDacOut                   
0     00009cb0  _InitSerialDac                  
0     00009d00  _easyDSP_SPI_Flashrom_Init      
0     00009d59  _easyDSP_SCI_Init               
0     00009dbf  _FscInterrupt                   
0     00009e66  _InitXintf16Gpio                
0     00009ec0  _XintfInit                      
0     00009efc  FS$$DIV                         
0     00009f84  _InitGpio                       
0     00009ffd  __system_pre_init               
0     00009fff  __nop                           
0     0000a000  _OffsetInterrupt                
0     0000a06b  _initiateIIR1                   
0     0000a0b4  _IIR1Update                     
0     0000a0d0  _main                           
0     0000a130  _FaultInterrupt                 
0     0000a190  _InitCpuTimers                  
0     0000a1c3  _ConfigCpuTimer                 
0     0000a1e6  _c_int00                        
0     0000a23c  _InitEQepGpio                   
0     0000a26f  _InitEQep                       
0     0000a28e  _SWFaultFunc                    
0     0000a29a  _InitFault                      
0     0000a2c0  _ClearFault                     
0     0000a2e0  C$$EXIT                         
0     0000a2e0  _abort                          
0     0000a2e2  _exit                           
0     0000a309  _InitPieCtrl                    
0     0000a328  _EnableInterrupts               
0     0000a331  __system_post_cinit             
0     0000a332  _sqrt                           
0     0000a332  _sqrtf                          
0     0000a357  _copy_in                        
0     0000a37b  LL$$CMP                         
0     0000a38d  ULL$$CMP                        
0     0000a399  _memcpy                         
0     0000a3b5  __args_main                     
0     0000a3ce  LL$$AND                         
0     0000a3d6  LL$$OR                          
0     0000a3de  LL$$XOR                         
0     0000a3e6  _InitPieVectTable               
1     00000400  __stack                         
1     00000700  __STACK_END                     
1     00000880  _DevEmuRegs                     
1     00000ae0  _CsmRegs                        
1     00000b20  _XintfRegs                      
1     00000c00  _CpuTimer0Regs                  
1     00000c08  _CpuTimer1Regs                  
1     00000c10  _CpuTimer2Regs                  
1     00000ce0  _PieCtrlRegs                    
1     00000d00  _PieVectTable                   
1     00001000  _DmaRegs                        
1     00005000  _McbspaRegs                     
1     00005040  _McbspbRegs                     
1     00006000  _ECanaRegs                      
1     00006040  _ECanaLAMRegs                   
1     00006080  _ECanaMOTSRegs                  
1     000060c0  _ECanaMOTORegs                  
1     00006100  _ECanaMboxes                    
1     00006200  _ECanbRegs                      
1     00006240  _ECanbLAMRegs                   
1     00006280  _ECanbMOTSRegs                  
1     000062c0  _ECanbMOTORegs                  
1     00006300  _ECanbMboxes                    
1     00006600  _EPwm9Regs                      
1     00006800  _EPwm1Regs                      
1     00006840  _EPwm2Regs                      
1     00006880  _EPwm3Regs                      
1     000068c0  _EPwm4Regs                      
1     00006900  _EPwm5Regs                      
1     00006940  _EPwm6Regs                      
1     00006980  _EPwm7Regs                      
1     000069c0  _EPwm8Regs                      
1     00006a00  _ECap1Regs                      
1     00006a20  _ECap2Regs                      
1     00006a40  _ECap3Regs                      
1     00006a60  _ECap4Regs                      
1     00006a80  _ECap5Regs                      
1     00006aa0  _ECap6Regs                      
1     00006b00  _EQep1Regs                      
1     00006b40  _EQep2Regs                      
1     00006b80  _EQep3Regs                      
1     00006f80  _GpioCtrlRegs                   
1     00006fc0  _GpioDataRegs                   
1     00006fe0  _GpioIntRegs                    
1     00007010  _SysCtrlRegs                    
1     00007040  _SpiaRegs                       
1     00007050  _SciaRegs                       
1     00007070  _XIntruptRegs                   
1     00007750  _ScibRegs                       
1     00007770  _ScicRegs                       
1     00007780  _SpidRegs                       
1     00007900  _I2caRegs                       
1     0000c000  _cnt_delay                      
1     0000c001  _maxCount_SC                    
1     0000c002  _maxCount_samp                  
1     0000c004  _Tsamp                          
1     0000c006  _Tsc                            
1     0000c008  _CmprTemp                       
1     0000c00a  _Flag                           
1     0000c040  _INV_M                          
1     0000c18c  _ezDSP_uLive                    
1     0000c18d  _ezDSP_uFlashDataCount          
1     0000c18e  _ezDSP_ucFlashCmd               
1     0000c18f  _ezDSP_uFlashErrorFlag          
1     0000c190  _ezDSP_ucFlashRead              
1     0000c191  _ezDSP_uAddrRdCnt               
1     0000c192  _ezDSP_uChksum                  
1     0000c193  _ezDSP_uDataRdCnt               
1     0000c194  _ezDSP_uFlashErrorCount         
1     0000c195  _ezDSP_uFlashRdCnt              
1     0000c196  _ezDSP_uMaxRxFifoCnt            
1     0000c197  _ezDSP_uRxFifoCnt               
1     0000c198  _ezDSP_uTxFifoCnt               
1     0000c199  _ezDSP_uTxFifoFullCnt           
1     0000c19a  _ezDSP_uMaxTxFifoCnt            
1     0000c19b  _ezDSP_uBlockIndex              
1     0000c19c  _ezDSP_uBlockSize               
1     0000c19d  _ezDSP_uChkSumCalculated        
1     0000c19e  _ezDSP_uISRTxCount              
1     0000c19f  _ezDSP_uISRRxCount              
1     0000c1a0  _ezDSP_uSPIFlashInitError       
1     0000c1a1  _ezDSP_uOECount                 
1     0000c1a2  _ezDSP_uFECount                 
1     0000c1a3  _ezDSP_uWrongISRCount           
1     0000c1a4  _ezDSP_uOnChipFlash             
1     0000c1a5  _ezDSP_uRead8BPossible          
1     0000c1a6  _ezDSP_uPECount                 
1     0000c1a7  _ezDSP_Version_SCI              
1     0000c1a8  _ezDSP_uState                   
1     0000c1a9  _ezDSP_uData                    
1     0000c1aa  _ezDSP_uRead16BPossible         
1     0000c1ab  _ezDSP_uBRKDTCount              
1     0000c1ac  _ezDSP_ucRx                     
1     0000c1ae  _ezDSP_ulAddr                   
1     0000c1b0  _ezDSP_ulData                   
1     0000c1b2  _ezDSP_fFloat                   
1     0000c1b4  _ezDSP_ullData                  
1     0000c1b8  _FsampCnt                       
1     0000c1ba  _TimeFsampInt                   
1     0000c1bc  _FsampIntTimerStart             
1     0000c1be  __lock                          
1     0000c1c0  _da_type                        
1     0000c1c4  _da_data                        
1     0000c1c8  _da_mid                         
1     0000c1d0  _da_scale                       
1     0000c1d8  _da_temp                        
1     0000c1e0  _da                             
1     0000c1e8  _CpuTimer2                      
1     0000c1f0  _CpuTimer0                      
1     0000c1f8  _CpuTimer1                      
1     0000c200  _uCnt                           
1     0000c201  _uOffsetLoopCnt                 
1     0000c202  _uOffsetMaxCnt                  
1     0000c203  _uOffset_v                      
1     0000c204  _AD0CH                          
1     0000c20a  _ScaleAD0                       
1     0000c216  _OffsetAD0                      
1     0000c222  _TZFault                        
1     0000c223  _SWFault                        
1     0000c224  _Fault_info_M                   
1     0000c232  _FscCnt                         
1     0000c234  _TimeFscInt                     
1     0000c236  _FscIntTimerStart               
1     0000c238  ___TI_enable_exit_profile_output
1     0000c23a  ___TI_cleanup_ptr               
1     0000c23c  ___TI_dtors_ptr                 
1     0000c23e  __unlock                        
1     0000c240  _loopCnt                        
1     0000c242  _errno                          
1     0000e000  _PieVectTableInit               
1     0033fff8  _CsmPwl                         
abs   00000300  __STACK_SIZE                    
abs   ffffffff  .text                           
abs   ffffffff  ___TI_pprof_out_hndl            
abs   ffffffff  ___TI_prof_data_size            
abs   ffffffff  ___TI_prof_data_start           
abs   ffffffff  ___binit__                      
abs   ffffffff  ___c_args__                     
abs   ffffffff  ___etext__                      
abs   ffffffff  ___pinit__                      
abs   ffffffff  ___text__                       
abs   ffffffff  binit                           
abs   ffffffff  etext                           
abs   ffffffff  pinit                           

[251 symbols]
