******************************************************************************
             TMS320C2000 Linker PC v16.9.1                     
******************************************************************************
>> Linked Mon Jul 18 17:37:36 2022

OUTPUT FILE NAME:   <ECCC_220718.out>
ENTRY POINT SYMBOL: "_c_int00"  address: 00009ec7


MEMORY CONFIGURATION

         name            origin    length      used     unused   attr    fill
----------------------  --------  ---------  --------  --------  ----  --------
PAGE 0:
  BEGIN                 00000000   00000002  00000002  00000000  RWIX
  RAMM0                 00000052   000003ae  00000000  000003ae  RWIX
  RAML0                 00008000   00002000  00001ffc  00000004  RWIX
  RAML1                 0000a000   00002000  00000071  00001f8f  RWIX
  ZONE7A                00200000   0000fc00  00000000  0000fc00  RWIX
  RAMH0                 00300000   00008000  00000000  00008000  RWIX
  RAMH1                 00308000   00008000  00000000  00008000  RWIX
  RAMH2                 00310000   00008000  00000000  00008000  RWIX
  CSM_RSVD              0033ff80   00000076  00000000  00000076  RWIX
  CSM_PWL_PROG          0033fff8   00000008  00000000  00000008  RWIX
  IQTABLES              003fe000   00000b50  00000000  00000b50  RWIX
  IQTABLES2             003feb50   0000008c  00000000  0000008c  RWIX
  FPUTABLES             003febdc   000006a0  00000000  000006a0  RWIX
  BOOTROM               003ff27c   00000d44  00000000  00000d44  RWIX
  RESET                 003fffc0   00000002  00000000  00000002  RWIX

PAGE 1:
  BOOT_RSVD             00000002   00000050  00000000  00000050  RWIX
  RAMM1                 00000400   00000400  00000300  00000100  RWIX
  DEV_EMU               00000880   00000180  000000d0  000000b0  RWIX
  CSM                   00000ae0   00000010  00000010  00000000  RWIX
  XINTF                 00000b20   00000020  0000001e  00000002  RWIX
  CPU_TIMER0            00000c00   00000008  00000008  00000000  RWIX
  CPU_TIMER1            00000c08   00000008  00000008  00000000  RWIX
  CPU_TIMER2            00000c10   00000008  00000008  00000000  RWIX
  PIE_CTRL              00000ce0   00000020  0000001a  00000006  RWIX
  PIE_VECT              00000d00   00000100  00000100  00000000  RWIX
  DMA                   00001000   00000200  000000e0  00000120  RWIX
  MCBSPA                00005000   00000040  00000025  0000001b  RWIX
  MCBSPB                00005040   00000040  00000025  0000001b  RWIX
  ECANA                 00006000   00000040  00000034  0000000c  RWIX
  ECANA_LAM             00006040   00000040  00000040  00000000  RWIX
  ECANA_MOTS            00006080   00000040  00000040  00000000  RWIX
  ECANA_MOTO            000060c0   00000040  00000040  00000000  RWIX
  ECANA_MBOX            00006100   00000100  00000100  00000000  RWIX
  ECANB                 00006200   00000040  00000034  0000000c  RWIX
  ECANB_LAM             00006240   00000040  00000040  00000000  RWIX
  ECANB_MOTS            00006280   00000040  00000040  00000000  RWIX
  ECANB_MOTO            000062c0   00000040  00000040  00000000  RWIX
  ECANB_MBOX            00006300   00000100  00000100  00000000  RWIX
  EPWM9                 00006600   00000022  00000022  00000000  RWIX
  EPWM1                 00006800   00000022  00000022  00000000  RWIX
  EPWM2                 00006840   00000022  00000022  00000000  RWIX
  EPWM3                 00006880   00000022  00000022  00000000  RWIX
  EPWM4                 000068c0   00000022  00000022  00000000  RWIX
  EPWM5                 00006900   00000022  00000022  00000000  RWIX
  EPWM6                 00006940   00000022  00000022  00000000  RWIX
  EPWM7                 00006980   00000022  00000022  00000000  RWIX
  EPWM8                 000069c0   00000022  00000022  00000000  RWIX
  ECAP1                 00006a00   00000020  00000020  00000000  RWIX
  ECAP2                 00006a20   00000020  00000020  00000000  RWIX
  ECAP3                 00006a40   00000020  00000020  00000000  RWIX
  ECAP4                 00006a60   00000020  00000020  00000000  RWIX
  ECAP5                 00006a80   00000020  00000020  00000000  RWIX
  ECAP6                 00006aa0   00000020  00000020  00000000  RWIX
  EQEP1                 00006b00   00000040  00000040  00000000  RWIX
  EQEP2                 00006b40   00000040  00000040  00000000  RWIX
  EQEP3                 00006b80   00000040  00000040  00000000  RWIX
  GPIOCTRL              00006f80   00000040  0000002e  00000012  RWIX
  GPIODAT               00006fc0   00000020  00000020  00000000  RWIX
  GPIOINT               00006fe0   00000020  0000000a  00000016  RWIX
  SYSTEM                00007010   00000021  00000020  00000001  RWIX
  SPIA                  00007040   00000010  00000010  00000000  RWIX
  SCIA                  00007050   00000010  00000010  00000000  RWIX
  XINTRUPT              00007070   00000010  00000010  00000000  RWIX
  SCIB                  00007750   00000010  00000010  00000000  RWIX
  SCIC                  00007770   00000010  00000010  00000000  RWIX
  SPID                  00007780   00000010  00000010  00000000  RWIX
  I2CA                  00007900   00000040  00000022  0000001e  RWIX
  RAML2                 0000c000   00002000  00000438  00001bc8  RWIX
  RAML3                 0000e000   00002000  00000102  00001efe  RWIX
  RAML4                 00010000   00002000  00000000  00002000  RWIX
  RAML5                 00012000   00002000  00000000  00002000  RWIX
  RAML6                 00014000   00002000  00000000  00002000  RWIX
  RAML7                 00016000   00002000  00000000  00002000  RWIX
  ZONE7B                0020fc00   00000400  00000000  00000400  RWIX
  RAMH3                 00318000   00008000  00000000  00008000  RWIX
  RAMH4                 00320000   00008000  00000000  00008000  RWIX
  RAMH5                 00328000   00008000  00000000  00008000  RWIX
  CSM_PWL               0033fff8   00000008  00000008  00000000  RWIX


SECTION ALLOCATION MAP

 output                                  attributes/
section   page    origin      length       input sections
--------  ----  ----------  ----------   ----------------
codestart 
*          0    00000000    00000002     
                  00000000    00000002     DSP2834x_CodeStartBranch.obj (codestart)

.cinit     0    00008000    000001f4     
                  00008000    000000b2     variable.obj (.cinit)
                  000080b2    00000092     easy28x_gen2_bitfield_v9.4.obj (.cinit)
                  00008144    0000003e     da.obj (.cinit)
                  00008182    0000001d     adc.obj (.cinit)
                  0000819f    00000016     cc.obj (.cinit)
                  000081b5    0000000e     rts2800_fpu32.lib : exit.obj (.cinit)
                  000081c3    0000000c     RingBuff.obj (.cinit)
                  000081cf    0000000c     offset.obj (.cinit)
                  000081db    00000005     rts2800_fpu32.lib : _lock.obj (.cinit:__lock)
                  000081e0    00000005                       : _lock.obj (.cinit:__unlock)
                  000081e5    00000005     main.obj (.cinit)
                  000081ea    00000004     fault.obj (.cinit)
                  000081ee    00000004     rts2800_fpu32.lib : errno.obj (.cinit)
                  000081f2    00000002     --HOLE-- [fill = 0]

ramfuncs   0    000081f4    00000004     
                  000081f4    00000004     DSP2834x_usDelay.obj (ramfuncs)

.pinit     0    00008000    00000000     UNINITIALIZED

.text.1    0    000081f8    00001e04     
                  000081f8    000007b3     DSP2834x_SWPrioritizedDefaultIsr.obj (.text:retain)
                  000089ab    00000794     variable.obj (.text)
                  0000913f    000003dc     easy28x_gen2_bitfield_v9.4.obj (.text:retain)
                  0000951b    00000236     filter.obj (.text)
                  00009751    0000018c     DSP2834x_EPwm.obj (.text)
                  000098dd    00000100     DSP2834x_SysCtrl.obj (.text)
                  000099dd    000000ed     adc.obj (.text)
                  00009aca    000000cb     easy28x_gen2_bitfield_v9.4.obj (.text)
                  00009b95    00000098     fault.obj (.text:retain)
                  00009c2d    00000088     rts2800_fpu32.lib : fs_div28.obj (.text)
                  00009cb5    0000007c     DSP2834x_Xintf.obj (.text)
                  00009d31    0000007a     DSP2834x_CpuTimers.obj (.text)
                  00009dab    0000006c     offset.obj (.text:retain)
                  00009e17    00000059     cc.obj (.text:retain)
                  00009e70    00000057     rts2800_fpu32.lib : s_floorf.obj (.text)
                  00009ec7    00000056                       : boot28.obj (.text)
                  00009f1d    00000040     main.obj (.text)
                  00009f5d    00000029     rts2800_fpu32.lib : exit.obj (.text)
                  00009f86    00000028     DSP2834x_PieCtrl.obj (.text)
                  00009fae    00000024     rts2800_fpu32.lib : cpy_tbl.obj (.text)
                  00009fd2    0000001e                       : ll_cmp28.obj (.text)
                  00009ff0    00000009                       : _lock.obj (.text)
                  00009ff9    00000002                       : pre_init.obj (.text)
                  00009ffb    00000001                       : startup.obj (.text)

.text.2    0    0000a000    00000071     
                  0000a000    0000001e     rts2800_fpu32.lib : memcpy.obj (.text)
                  0000a01e    0000001c     DSP2834x_SWPrioritizedPieVect.obj (.text)
                  0000a03a    00000019     rts2800_fpu32.lib : args_main.obj (.text)
                  0000a053    00000016     DSP2834x_Gpio.obj (.text)
                  0000a069    00000008     DSP2834x_CodeStartBranch.obj (.text)

.stack     1    00000400    00000300     UNINITIALIZED
                  00000400    00000300     --HOLE--

DevEmuRegsFile 
*          1    00000880    000000d0     UNINITIALIZED
                  00000880    000000d0     DSP2834x_GlobalVariableDefs.obj (DevEmuRegsFile)

CsmRegsFile 
*          1    00000ae0    00000010     UNINITIALIZED
                  00000ae0    00000010     DSP2834x_GlobalVariableDefs.obj (CsmRegsFile)

XintfRegsFile 
*          1    00000b20    0000001e     UNINITIALIZED
                  00000b20    0000001e     DSP2834x_GlobalVariableDefs.obj (XintfRegsFile)

CpuTimer0RegsFile 
*          1    00000c00    00000008     UNINITIALIZED
                  00000c00    00000008     DSP2834x_GlobalVariableDefs.obj (CpuTimer0RegsFile)

CpuTimer1RegsFile 
*          1    00000c08    00000008     UNINITIALIZED
                  00000c08    00000008     DSP2834x_GlobalVariableDefs.obj (CpuTimer1RegsFile)

CpuTimer2RegsFile 
*          1    00000c10    00000008     UNINITIALIZED
                  00000c10    00000008     DSP2834x_GlobalVariableDefs.obj (CpuTimer2RegsFile)

PieCtrlRegsFile 
*          1    00000ce0    0000001a     UNINITIALIZED
                  00000ce0    0000001a     DSP2834x_GlobalVariableDefs.obj (PieCtrlRegsFile)

PieVectTableFile 
*          1    00000d00    00000100     UNINITIALIZED
                  00000d00    00000100     DSP2834x_GlobalVariableDefs.obj (PieVectTableFile)

DmaRegsFile 
*          1    00001000    000000e0     UNINITIALIZED
                  00001000    000000e0     DSP2834x_GlobalVariableDefs.obj (DmaRegsFile)

McbspaRegsFile 
*          1    00005000    00000025     UNINITIALIZED
                  00005000    00000025     DSP2834x_GlobalVariableDefs.obj (McbspaRegsFile)

McbspbRegsFile 
*          1    00005040    00000025     UNINITIALIZED
                  00005040    00000025     DSP2834x_GlobalVariableDefs.obj (McbspbRegsFile)

ECanaRegsFile 
*          1    00006000    00000034     UNINITIALIZED
                  00006000    00000034     DSP2834x_GlobalVariableDefs.obj (ECanaRegsFile)

ECanaLAMRegsFile 
*          1    00006040    00000040     UNINITIALIZED
                  00006040    00000040     DSP2834x_GlobalVariableDefs.obj (ECanaLAMRegsFile)

ECanaMOTSRegsFile 
*          1    00006080    00000040     UNINITIALIZED
                  00006080    00000040     DSP2834x_GlobalVariableDefs.obj (ECanaMOTSRegsFile)

ECanaMOTORegsFile 
*          1    000060c0    00000040     UNINITIALIZED
                  000060c0    00000040     DSP2834x_GlobalVariableDefs.obj (ECanaMOTORegsFile)

ECanaMboxesFile 
*          1    00006100    00000100     UNINITIALIZED
                  00006100    00000100     DSP2834x_GlobalVariableDefs.obj (ECanaMboxesFile)

ECanbRegsFile 
*          1    00006200    00000034     UNINITIALIZED
                  00006200    00000034     DSP2834x_GlobalVariableDefs.obj (ECanbRegsFile)

ECanbLAMRegsFile 
*          1    00006240    00000040     UNINITIALIZED
                  00006240    00000040     DSP2834x_GlobalVariableDefs.obj (ECanbLAMRegsFile)

ECanbMOTSRegsFile 
*          1    00006280    00000040     UNINITIALIZED
                  00006280    00000040     DSP2834x_GlobalVariableDefs.obj (ECanbMOTSRegsFile)

ECanbMOTORegsFile 
*          1    000062c0    00000040     UNINITIALIZED
                  000062c0    00000040     DSP2834x_GlobalVariableDefs.obj (ECanbMOTORegsFile)

ECanbMboxesFile 
*          1    00006300    00000100     UNINITIALIZED
                  00006300    00000100     DSP2834x_GlobalVariableDefs.obj (ECanbMboxesFile)

EPwm9RegsFile 
*          1    00006600    00000022     UNINITIALIZED
                  00006600    00000022     DSP2834x_GlobalVariableDefs.obj (EPwm9RegsFile)

EPwm1RegsFile 
*          1    00006800    00000022     UNINITIALIZED
                  00006800    00000022     DSP2834x_GlobalVariableDefs.obj (EPwm1RegsFile)

EPwm2RegsFile 
*          1    00006840    00000022     UNINITIALIZED
                  00006840    00000022     DSP2834x_GlobalVariableDefs.obj (EPwm2RegsFile)

EPwm3RegsFile 
*          1    00006880    00000022     UNINITIALIZED
                  00006880    00000022     DSP2834x_GlobalVariableDefs.obj (EPwm3RegsFile)

EPwm4RegsFile 
*          1    000068c0    00000022     UNINITIALIZED
                  000068c0    00000022     DSP2834x_GlobalVariableDefs.obj (EPwm4RegsFile)

EPwm5RegsFile 
*          1    00006900    00000022     UNINITIALIZED
                  00006900    00000022     DSP2834x_GlobalVariableDefs.obj (EPwm5RegsFile)

EPwm6RegsFile 
*          1    00006940    00000022     UNINITIALIZED
                  00006940    00000022     DSP2834x_GlobalVariableDefs.obj (EPwm6RegsFile)

EPwm7RegsFile 
*          1    00006980    00000022     UNINITIALIZED
                  00006980    00000022     DSP2834x_GlobalVariableDefs.obj (EPwm7RegsFile)

EPwm8RegsFile 
*          1    000069c0    00000022     UNINITIALIZED
                  000069c0    00000022     DSP2834x_GlobalVariableDefs.obj (EPwm8RegsFile)

ECap1RegsFile 
*          1    00006a00    00000020     UNINITIALIZED
                  00006a00    00000020     DSP2834x_GlobalVariableDefs.obj (ECap1RegsFile)

ECap2RegsFile 
*          1    00006a20    00000020     UNINITIALIZED
                  00006a20    00000020     DSP2834x_GlobalVariableDefs.obj (ECap2RegsFile)

ECap3RegsFile 
*          1    00006a40    00000020     UNINITIALIZED
                  00006a40    00000020     DSP2834x_GlobalVariableDefs.obj (ECap3RegsFile)

ECap4RegsFile 
*          1    00006a60    00000020     UNINITIALIZED
                  00006a60    00000020     DSP2834x_GlobalVariableDefs.obj (ECap4RegsFile)

ECap5RegsFile 
*          1    00006a80    00000020     UNINITIALIZED
                  00006a80    00000020     DSP2834x_GlobalVariableDefs.obj (ECap5RegsFile)

ECap6RegsFile 
*          1    00006aa0    00000020     UNINITIALIZED
                  00006aa0    00000020     DSP2834x_GlobalVariableDefs.obj (ECap6RegsFile)

EQep1RegsFile 
*          1    00006b00    00000040     UNINITIALIZED
                  00006b00    00000040     DSP2834x_GlobalVariableDefs.obj (EQep1RegsFile)

EQep2RegsFile 
*          1    00006b40    00000040     UNINITIALIZED
                  00006b40    00000040     DSP2834x_GlobalVariableDefs.obj (EQep2RegsFile)

EQep3RegsFile 
*          1    00006b80    00000040     UNINITIALIZED
                  00006b80    00000040     DSP2834x_GlobalVariableDefs.obj (EQep3RegsFile)

GpioCtrlRegsFile 
*          1    00006f80    0000002e     UNINITIALIZED
                  00006f80    0000002e     DSP2834x_GlobalVariableDefs.obj (GpioCtrlRegsFile)

GpioDataRegsFile 
*          1    00006fc0    00000020     UNINITIALIZED
                  00006fc0    00000020     DSP2834x_GlobalVariableDefs.obj (GpioDataRegsFile)

GpioIntRegsFile 
*          1    00006fe0    0000000a     UNINITIALIZED
                  00006fe0    0000000a     DSP2834x_GlobalVariableDefs.obj (GpioIntRegsFile)

SysCtrlRegsFile 
*          1    00007010    00000020     UNINITIALIZED
                  00007010    00000020     DSP2834x_GlobalVariableDefs.obj (SysCtrlRegsFile)

SpiaRegsFile 
*          1    00007040    00000010     UNINITIALIZED
                  00007040    00000010     DSP2834x_GlobalVariableDefs.obj (SpiaRegsFile)

SciaRegsFile 
*          1    00007050    00000010     UNINITIALIZED
                  00007050    00000010     DSP2834x_GlobalVariableDefs.obj (SciaRegsFile)

XIntruptRegsFile 
*          1    00007070    00000010     UNINITIALIZED
                  00007070    00000010     DSP2834x_GlobalVariableDefs.obj (XIntruptRegsFile)

ScibRegsFile 
*          1    00007750    00000010     UNINITIALIZED
                  00007750    00000010     DSP2834x_GlobalVariableDefs.obj (ScibRegsFile)

ScicRegsFile 
*          1    00007770    00000010     UNINITIALIZED
                  00007770    00000010     DSP2834x_GlobalVariableDefs.obj (ScicRegsFile)

SpidRegsFile 
*          1    00007780    00000010     UNINITIALIZED
                  00007780    00000010     DSP2834x_GlobalVariableDefs.obj (SpidRegsFile)

I2caRegsFile 
*          1    00007900    00000022     UNINITIALIZED
                  00007900    00000022     DSP2834x_GlobalVariableDefs.obj (I2caRegsFile)

.ebss      1    0000c000    00000438     UNINITIALIZED
                  0000c000    00000354     variable.obj (.ebss)
                  0000c354    0000002c     easy28x_gen2_bitfield_v9.4.obj (.ebss)
                  0000c380    00000035     RingBuff.obj (.ebss)
                  0000c3b5    00000001     rts2800_fpu32.lib : errno.obj (.ebss)
                  0000c3b6    00000008     cc.obj (.ebss)
                  0000c3be    00000002     rts2800_fpu32.lib : _lock.obj (.ebss:__lock)
                  0000c3c0    0000002a     da.obj (.ebss)
                  0000c3ea    00000016     adc.obj (.ebss)
                  0000c400    00000018     DSP2834x_CpuTimers.obj (.ebss)
                  0000c418    00000012     fault.obj (.ebss)
                  0000c42a    00000006     rts2800_fpu32.lib : exit.obj (.ebss)
                  0000c430    00000003     offset.obj (.ebss)
                  0000c433    00000001     --HOLE--
                  0000c434    00000002     rts2800_fpu32.lib : _lock.obj (.ebss:__unlock)
                  0000c436    00000002     main.obj (.ebss)

.econst    1    0000e000    00000102     
                  0000e000    00000100     DSP2834x_SWPrioritizedPieVect.obj (.econst:_PieVectTableInit)
                  0000e100    00000002     rts2800_fpu32.lib : s_floorf.obj (.econst)

.reset     0    003fffc0    00000002     DSECT
                  003fffc0    00000002     rts2800_fpu32.lib : boot28.obj (.reset)

csm_rsvd   0    0033ff80    00000000     DSECT

csmpasswds 
*          0    0033fff8    00000000     DSECT

CsmPwlFile 
*          1    0033fff8    00000008     UNINITIALIZED
                  0033fff8    00000008     DSP2834x_GlobalVariableDefs.obj (CsmPwlFile)

MODULE SUMMARY

       Module                                 code   initialized data   uninitialized data
       ------                                 ----   ----------------   ------------------
    .\source\
       variable.obj                           1940   178                852               
       DSP2834x_GlobalVariableDefs.obj        0      0                  2806              
       DSP2834x_SWPrioritizedDefaultIsr.obj   1971   0                  0                 
       easy28x_gen2_bitfield_v9.4.obj         1191   146                44                
       filter.obj                             566    0                  0                 
       DSP2834x_EPwm.obj                      396    0                  0                 
       adc.obj                                237    29                 22                
       DSP2834x_SWPrioritizedPieVect.obj      28     256                0                 
       DSP2834x_SysCtrl.obj                   256    0                  0                 
       fault.obj                              152    4                  18                
       DSP2834x_CpuTimers.obj                 122    0                  24                
       DSP2834x_Xintf.obj                     124    0                  0                 
       offset.obj                             108    12                 3                 
       cc.obj                                 89     22                 8                 
       da.obj                                 0      62                 42                
       main.obj                               64     5                  2                 
       RingBuff.obj                           0      12                 53                
       DSP2834x_PieCtrl.obj                   40     0                  0                 
       DSP2834x_Gpio.obj                      22     0                  0                 
       DSP2834x_CodeStartBranch.obj           10     0                  0                 
       DSP2834x_usDelay.obj                   4      0                  0                 
    +--+--------------------------------------+------+------------------+--------------------+
       Total:                                 7320   726                3874              
                                                                                          
    C:\ti\ccsv7\tools\compiler\ti-cgt-c2000_16.9.1.LTS\lib\rts2800_fpu32.lib
       fs_div28.obj                           136    0                  0                 
       s_floorf.obj                           87     2                  0                 
       boot28.obj                             86     0                  0                 
       exit.obj                               41     14                 6                 
       cpy_tbl.obj                            36     0                  0                 
       ll_cmp28.obj                           30     0                  0                 
       memcpy.obj                             30     0                  0                 
       args_main.obj                          25     0                  0                 
       _lock.obj                              9      10                 4                 
       errno.obj                              0      4                  1                 
       pre_init.obj                           2      0                  0                 
       startup.obj                            1      0                  0                 
    +--+--------------------------------------+------+------------------+--------------------+
       Total:                                 483    30                 11                
                                                                                          
       Stack:                                 0      0                  768               
    +--+--------------------------------------+------+------------------+--------------------+
       Grand Total:                           7803   756                4653              


GLOBAL DATA SYMBOLS: SORTED BY DATA PAGE

address     data page           name
--------    ----------------    ----
00000400      10 (00000400)     __stack

00000880      22 (00000880)     _DevEmuRegs

00000ae0      2b (00000ac0)     _CsmRegs

00000b20      2c (00000b00)     _XintfRegs

00000c00      30 (00000c00)     _CpuTimer0Regs
00000c08      30 (00000c00)     _CpuTimer1Regs
00000c10      30 (00000c00)     _CpuTimer2Regs

00000ce0      33 (00000cc0)     _PieCtrlRegs

00000d00      34 (00000d00)     _PieVectTable

00001000      40 (00001000)     _DmaRegs

00005000     140 (00005000)     _McbspaRegs

00005040     141 (00005040)     _McbspbRegs

00006000     180 (00006000)     _ECanaRegs

00006040     181 (00006040)     _ECanaLAMRegs

00006080     182 (00006080)     _ECanaMOTSRegs

000060c0     183 (000060c0)     _ECanaMOTORegs

00006100     184 (00006100)     _ECanaMboxes

00006200     188 (00006200)     _ECanbRegs

00006240     189 (00006240)     _ECanbLAMRegs

00006280     18a (00006280)     _ECanbMOTSRegs

000062c0     18b (000062c0)     _ECanbMOTORegs

00006300     18c (00006300)     _ECanbMboxes

00006600     198 (00006600)     _EPwm9Regs

00006800     1a0 (00006800)     _EPwm1Regs

00006840     1a1 (00006840)     _EPwm2Regs

00006880     1a2 (00006880)     _EPwm3Regs

000068c0     1a3 (000068c0)     _EPwm4Regs

00006900     1a4 (00006900)     _EPwm5Regs

00006940     1a5 (00006940)     _EPwm6Regs

00006980     1a6 (00006980)     _EPwm7Regs

000069c0     1a7 (000069c0)     _EPwm8Regs

00006a00     1a8 (00006a00)     _ECap1Regs
00006a20     1a8 (00006a00)     _ECap2Regs

00006a40     1a9 (00006a40)     _ECap3Regs
00006a60     1a9 (00006a40)     _ECap4Regs

00006a80     1aa (00006a80)     _ECap5Regs
00006aa0     1aa (00006a80)     _ECap6Regs

00006b00     1ac (00006b00)     _EQep1Regs

00006b40     1ad (00006b40)     _EQep2Regs

00006b80     1ae (00006b80)     _EQep3Regs

00006f80     1be (00006f80)     _GpioCtrlRegs

00006fc0     1bf (00006fc0)     _GpioDataRegs
00006fe0     1bf (00006fc0)     _GpioIntRegs

00007010     1c0 (00007000)     _SysCtrlRegs

00007040     1c1 (00007040)     _SpiaRegs
00007050     1c1 (00007040)     _SciaRegs
00007070     1c1 (00007040)     _XIntruptRegs

00007750     1dd (00007740)     _ScibRegs
00007770     1dd (00007740)     _ScicRegs

00007780     1de (00007780)     _SpidRegs

00007900     1e4 (00007900)     _I2caRegs

0000c000     300 (0000c000)     _i
0000c001     300 (0000c000)     _j
0000c002     300 (0000c000)     _maxCount_ePWM
0000c003     300 (0000c000)     _Reset
0000c004     300 (0000c000)     _cnt_delay
0000c005     300 (0000c000)     _k
0000c006     300 (0000c000)     _maxCount_samp
0000c008     300 (0000c000)     _Tsamp
0000c00a     300 (0000c000)     _Tdead
0000c00c     300 (0000c000)     _PWM_CLK
0000c00e     300 (0000c000)     _Tdelay
0000c010     300 (0000c000)     _Fsamp
0000c012     300 (0000c000)     _Flag

0000c040     301 (0000c040)     _Idse_ref_MTPA

0000c080     302 (0000c080)     _Iqse_ref_MTPA

0000c0c0     303 (0000c0c0)     _Te_ref_MTPA

0000c100     304 (0000c100)     _SpdObs

0000c140     305 (0000c140)     _INV

0000c354     30d (0000c340)     _ezDSP_uLive
0000c355     30d (0000c340)     _ezDSP_uFlashDataCount
0000c356     30d (0000c340)     _ezDSP_ucFlashCmd
0000c357     30d (0000c340)     _ezDSP_uFlashErrorFlag
0000c358     30d (0000c340)     _ezDSP_ucFlashRead
0000c359     30d (0000c340)     _ezDSP_uAddrRdCnt
0000c35a     30d (0000c340)     _ezDSP_uChksum
0000c35b     30d (0000c340)     _ezDSP_uDataRdCnt
0000c35c     30d (0000c340)     _ezDSP_uFlashErrorCount
0000c35d     30d (0000c340)     _ezDSP_uFlashRdCnt
0000c35e     30d (0000c340)     _ezDSP_uMaxRxFifoCnt
0000c35f     30d (0000c340)     _ezDSP_uRxFifoCnt
0000c360     30d (0000c340)     _ezDSP_uTxFifoCnt
0000c361     30d (0000c340)     _ezDSP_uTxFifoFullCnt
0000c362     30d (0000c340)     _ezDSP_uMaxTxFifoCnt
0000c363     30d (0000c340)     _ezDSP_uBlockIndex
0000c364     30d (0000c340)     _ezDSP_uBlockSize
0000c365     30d (0000c340)     _ezDSP_uChkSumCalculated
0000c366     30d (0000c340)     _ezDSP_uISRTxCount
0000c367     30d (0000c340)     _ezDSP_uISRRxCount
0000c368     30d (0000c340)     _ezDSP_uSPIFlashInitError
0000c369     30d (0000c340)     _ezDSP_uOECount
0000c36a     30d (0000c340)     _ezDSP_uFECount
0000c36b     30d (0000c340)     _ezDSP_uWrongISRCount
0000c36c     30d (0000c340)     _ezDSP_uOnChipFlash
0000c36d     30d (0000c340)     _ezDSP_uRead8BPossible
0000c36e     30d (0000c340)     _ezDSP_uPECount
0000c36f     30d (0000c340)     _ezDSP_Version_SCI
0000c370     30d (0000c340)     _ezDSP_uState
0000c371     30d (0000c340)     _ezDSP_uData
0000c372     30d (0000c340)     _ezDSP_uRead16BPossible
0000c373     30d (0000c340)     _ezDSP_uBRKDTCount
0000c374     30d (0000c340)     _ezDSP_ucRx
0000c376     30d (0000c340)     _ezDSP_ulAddr
0000c378     30d (0000c340)     _ezDSP_ulData
0000c37a     30d (0000c340)     _ezDSP_fFloat
0000c37c     30d (0000c340)     _ezDSP_ullData

0000c380     30e (0000c380)     _ezDSP_nEndPos
0000c381     30e (0000c380)     _ezDSP_nMaxBuffSize
0000c382     30e (0000c380)     _ezDSP_nStartPos
0000c383     30e (0000c380)     _ezDSP_ringBuffer
0000c3b5     30e (0000c380)     _errno
0000c3b6     30e (0000c380)     _IERBackupCC
0000c3b7     30e (0000c380)     _Vin_low
0000c3b8     30e (0000c380)     _cc_cnt
0000c3ba     30e (0000c380)     _ccTimerstart
0000c3bc     30e (0000c380)     _Time_CC
0000c3be     30e (0000c380)     __lock

0000c3c0     30f (0000c3c0)     _DacOffset
0000c3c1     30f (0000c3c0)     _da_type
0000c3c5     30f (0000c3c0)     _da_data
0000c3ca     30f (0000c3c0)     _da_mid
0000c3d2     30f (0000c3c0)     _da_scale
0000c3da     30f (0000c3c0)     _da_temp
0000c3e2     30f (0000c3c0)     _da
0000c3ea     30f (0000c3c0)     _ADCsetVal
0000c3eb     30f (0000c3c0)     _ADCH
0000c3f0     30f (0000c3c0)     _ScaleAin
0000c3f8     30f (0000c3c0)     _OffsetAin

0000c400     310 (0000c400)     _CpuTimer1
0000c408     310 (0000c400)     _CpuTimer2
0000c410     310 (0000c400)     _CpuTimer0
0000c418     310 (0000c400)     _fault_cnt
0000c419     310 (0000c400)     _Fault_info
0000c41c     310 (0000c400)     _Fault_value
0000c42a     310 (0000c400)     ___TI_enable_exit_profile_output
0000c42c     310 (0000c400)     ___TI_cleanup_ptr
0000c42e     310 (0000c400)     ___TI_dtors_ptr
0000c430     310 (0000c400)     _uOffsetLoopCnt
0000c431     310 (0000c400)     _uOffsetMaxCnt
0000c432     310 (0000c400)     _uOffset_v
0000c434     310 (0000c400)     __unlock
0000c436     310 (0000c400)     _loopCnt

0000e000     380 (0000e000)     _PieVectTableInit

0033fff8    cfff (0033ffc0)     _CsmPwl


GLOBAL SYMBOLS: SORTED ALPHABETICALLY BY Name 

page  address   name                            
----  -------   ----                            
abs   ffffffff  .text                           
0     00009f5d  C$$EXIT                         
0     00009c2d  FS$$DIV                         
0     00009fd2  LL$$CMP                         
0     00009fe4  ULL$$CMP                        
1     0000c3eb  _ADCH                           
0     00009a3b  _ADCOffset                      
0     000099e8  _ADC_Process                    
1     0000c3ea  _ADCsetVal                      
0     00009d6a  _ConfigCpuTimer                 
0     000097cc  _ConfigureEPWM                  
1     0000c410  _CpuTimer0                      
1     00000c00  _CpuTimer0Regs                  
1     0000c400  _CpuTimer1                      
1     00000c08  _CpuTimer1Regs                  
1     0000c408  _CpuTimer2                      
1     00000c10  _CpuTimer2Regs                  
1     0033fff8  _CsmPwl                         
1     00000ae0  _CsmRegs                        
0     000099c1  _CsmUnlock                      
0     00008212  _DATALOG_ISR                    
0     000086b4  _DINTCH1_ISR                    
0     000086cf  _DINTCH2_ISR                    
0     000086ea  _DINTCH3_ISR                    
0     00008705  _DINTCH4_ISR                    
0     00008720  _DINTCH5_ISR                    
0     0000873b  _DINTCH6_ISR                    
0     000081f4  _DSP28x_usDelay                 
1     0000c3c0  _DacOffset                      
1     00000880  _DevEmuRegs                     
0     000098f0  _DisableDog                     
1     00001000  _DmaRegs                        
0     0000882e  _ECAN0INTA_ISR                  
0     00008864  _ECAN0INTB_ISR                  
0     00008849  _ECAN1INTA_ISR                  
0     0000887f  _ECAN1INTB_ISR                  
0     000084e9  _ECAP1_INT_ISR                  
0     00008504  _ECAP2_INT_ISR                  
0     0000851f  _ECAP3_INT_ISR                  
0     0000853a  _ECAP4_INT_ISR                  
0     00008555  _ECAP5_INT_ISR                  
0     00008570  _ECAP6_INT_ISR                  
1     00006040  _ECanaLAMRegs                   
1     000060c0  _ECanaMOTORegs                  
1     00006080  _ECanaMOTSRegs                  
1     00006100  _ECanaMboxes                    
1     00006000  _ECanaRegs                      
1     00006240  _ECanbLAMRegs                   
1     000062c0  _ECanbMOTORegs                  
1     00006280  _ECanbMOTSRegs                  
1     00006300  _ECanbMboxes                    
1     00006200  _ECanbRegs                      
1     00006a00  _ECap1Regs                      
1     00006a20  _ECap2Regs                      
1     00006a40  _ECap3Regs                      
1     00006a60  _ECap4Regs                      
1     00006a80  _ECap5Regs                      
1     00006aa0  _ECap6Regs                      
0     0000822c  _EMUINT_ISR                     
0     00008411  _EPWM1_INT_ISR                  
0     00008339  _EPWM1_TZINT_ISR                
0     0000842c  _EPWM2_INT_ISR                  
0     00008354  _EPWM2_TZINT_ISR                
0     00008447  _EPWM3_INT_ISR                  
0     0000836f  _EPWM3_TZINT_ISR                
0     00008462  _EPWM4_INT_ISR                  
0     0000838a  _EPWM4_TZINT_ISR                
0     0000847d  _EPWM5_INT_ISR                  
0     000083a5  _EPWM5_TZINT_ISR                
0     00008498  _EPWM6_INT_ISR                  
0     000083c0  _EPWM6_TZINT_ISR                
0     000084b3  _EPWM7_INT_ISR                  
0     000083db  _EPWM7_TZINT_ISR                
0     000084ce  _EPWM8_INT_ISR                  
0     000083f6  _EPWM8_TZINT_ISR                
0     000088b5  _EPWM9_INT_ISR                  
0     0000889a  _EPWM9_TZINT_ISR                
1     00006800  _EPwm1Regs                      
1     00006840  _EPwm2Regs                      
1     00006880  _EPwm3Regs                      
1     000068c0  _EPwm4Regs                      
1     00006900  _EPwm5Regs                      
1     00006940  _EPwm6Regs                      
1     00006980  _EPwm7Regs                      
1     000069c0  _EPwm8Regs                      
1     00006600  _EPwm9Regs                      
0     0000858b  _EQEP1_INT_ISR                  
0     000085a6  _EQEP2_INT_ISR                  
0     000085c1  _EQEP3_INT_ISR                  
1     00006b00  _EQep1Regs                      
1     00006b40  _EQep2Regs                      
1     00006b80  _EQep3Regs                      
0     00009fa5  _EnableInterrupts               
1     0000c419  _Fault_info                     
1     0000c41c  _Fault_value                    
1     0000c012  _Flag                           
1     0000c010  _Fsamp                          
1     00006f80  _GpioCtrlRegs                   
1     00006fc0  _GpioDataRegs                   
1     00006fe0  _GpioIntRegs                    
0     00008756  _I2CINT1A_ISR                   
0     00008771  _I2CINT2A_ISR                   
1     00007900  _I2caRegs                       
1     0000c3b6  _IERBackupCC                    
0     00009598  _IIR1Update                     
0     00009701  _IIR2Update                     
0     00008242  _ILLEGAL_ISR                    
0     000081f8  _INT13_ISR                      
0     00008205  _INT14_ISR                      
0     00008997  _INT_NOTUSED_ISR                
1     0000c140  _INV                            
1     0000c040  _Idse_ref_MTPA                  
0     000099dd  _InitAdc                        
0     00009d31  _InitCpuTimers                  
0     00009751  _InitEPwm                       
0     00009891  _InitEPwm1Gpio                  
0     000098a3  _InitEPwm2Gpio                  
0     000098b5  _InitEPwm3Gpio                  
0     000098c9  _InitEPwm4Gpio                  
0     000097c5  _InitEPwmGpio                   
0     00008fab  _InitFlag                       
0     0000a053  _InitGpio                       
0     00008caa  _InitObs                        
0     000089c5  _InitParameter                  
0     0000995f  _InitPeripheralClocks           
0     00009f86  _InitPieCtrl                    
0     0000a01e  _InitPieVectTable               
0     000098f8  _InitPll                        
0     000098dd  _InitSysCtrl                    
0     00009ce9  _InitXintf16Gpio                
0     00008a18  _Init_Controller                
1     0000c080  _Iqse_ref_MTPA                  
0     00008972  _LUF_ISR                        
0     00008957  _LVF_ISR                        
0     00008648  _MRINTA_ISR                     
0     00008612  _MRINTB_ISR                     
0     0000904f  _MTPA_table                     
0     00008663  _MXINTA_ISR                     
0     0000862d  _MXINTB_ISR                     
1     00005000  _McbspaRegs                     
1     00005040  _McbspbRegs                     
0     00008237  _NMI_ISR                        
1     0000c3f8  _OffsetAin                      
0     0000898d  _PIE_RESERVED                   
1     0000c00c  _PWM_CLK                        
1     00000ce0  _PieCtrlRegs                    
1     00000d00  _PieVectTable                   
1     0000e000  _PieVectTableInit               
0     0000821f  _RTOSINT_ISR                    
1     0000c003  _Reset                          
0     000087c2  _SCIRXINTA_ISR                  
0     000087f8  _SCIRXINTB_ISR                  
0     0000878c  _SCIRXINTC_ISR                  
0     000087dd  _SCITXINTA_ISR                  
0     00008813  _SCITXINTB_ISR                  
0     000087a7  _SCITXINTC_ISR                  
0     000085dc  _SPIRXINTA_ISR                  
0     0000867e  _SPIRXINTD_ISR                  
0     000085f7  _SPITXINTA_ISR                  
0     00008699  _SPITXINTD_ISR                  
1     0000c3f0  _ScaleAin                       
1     00007050  _SciaRegs                       
1     00007750  _ScibRegs                       
1     00007770  _ScicRegs                       
0     000098e6  _ServiceDog                     
1     0000c100  _SpdObs                         
0     00008da0  _SpeedObserver                  
1     00007040  _SpiaRegs                       
1     00007780  _SpidRegs                       
0     00008fe5  _Switch_DSP_INV_Off             
0     00008fba  _Switch_DSP_INV_On              
1     00007010  _SysCtrlRegs                    
0     00008303  _TINT0_ISR                      
1     0000c00a  _Tdead                          
1     0000c00e  _Tdelay                         
1     0000c0c0  _Te_ref_MTPA                    
1     0000c3bc  _Time_CC                        
1     0000c008  _Tsamp                          
0     000082b0  _USER10_ISR                     
0     000082bb  _USER11_ISR                     
0     000082c6  _USER12_ISR                     
0     0000824d  _USER1_ISR                      
0     00008258  _USER2_ISR                      
0     00008263  _USER3_ISR                      
0     0000826e  _USER4_ISR                      
0     00008279  _USER5_ISR                      
0     00008284  _USER6_ISR                      
0     0000828f  _USER7_ISR                      
0     0000829a  _USER8_ISR                      
0     000082a5  _USER9_ISR                      
0     00008fb5  _UpdateGain                     
1     0000c3b7  _Vin_low                        
0     0000831e  _WAKEINT_ISR                    
0     000082d1  _XINT1_ISR                      
0     000082ea  _XINT2_ISR                      
0     000088d0  _XINT3_ISR                      
0     000088eb  _XINT4_ISR                      
0     00008906  _XINT5_ISR                      
0     00008921  _XINT6_ISR                      
0     0000893c  _XINT7_ISR                      
1     00007070  _XIntruptRegs                   
0     00009cb5  _XintfInit                      
1     00000b20  _XintfRegs                      
1     00000700  __STACK_END                     
abs   00000300  __STACK_SIZE                    
1     0000c42c  ___TI_cleanup_ptr               
1     0000c42e  ___TI_dtors_ptr                 
1     0000c42a  ___TI_enable_exit_profile_output
abs   ffffffff  ___TI_pprof_out_hndl            
abs   ffffffff  ___TI_prof_data_size            
abs   ffffffff  ___TI_prof_data_start           
abs   ffffffff  ___binit__                      
abs   ffffffff  ___c_args__                     
0     00008000  ___cinit__                      
abs   ffffffff  ___etext__                      
abs   ffffffff  ___pinit__                      
abs   ffffffff  ___text__                       
0     0000a03a  __args_main                     
1     0000c3be  __lock                          
0     00009ff8  __nop                           
0     00009ff4  __register_lock                 
0     00009ff0  __register_unlock               
1     00000400  __stack                         
0     00009ffb  __system_post_cinit             
0     00009ff9  __system_pre_init               
1     0000c434  __unlock                        
0     00009f5d  _abort                          
0     00009ec7  _c_int00                        
0     00009e17  _cc                             
1     0000c3ba  _ccTimerstart                   
1     0000c3b8  _cc_cnt                         
1     0000c004  _cnt_delay                      
0     00009fae  _copy_in                        
1     0000c3e2  _da                             
1     0000c3c5  _da_data                        
1     0000c3ca  _da_mid                         
1     0000c3d2  _da_scale                       
1     0000c3da  _da_temp                        
1     0000c3c1  _da_type                        
0     000089ab  _delaycc                        
0     00009ae8  _easyDSP_SCI_Init               
0     00009b48  _easyDSP_SPI_Flashrom_Init      
0     0000913f  _easy_RXINT_ISR                 
1     0000c3b5  _errno                          
0     00009f5f  _exit                           
1     0000c36f  _ezDSP_Version_SCI              
1     0000c37a  _ezDSP_fFloat                   
1     0000c380  _ezDSP_nEndPos                  
1     0000c381  _ezDSP_nMaxBuffSize             
1     0000c382  _ezDSP_nStartPos                
1     0000c383  _ezDSP_ringBuffer               
1     0000c359  _ezDSP_uAddrRdCnt               
1     0000c373  _ezDSP_uBRKDTCount              
1     0000c363  _ezDSP_uBlockIndex              
1     0000c364  _ezDSP_uBlockSize               
1     0000c365  _ezDSP_uChkSumCalculated        
1     0000c35a  _ezDSP_uChksum                  
1     0000c371  _ezDSP_uData                    
1     0000c35b  _ezDSP_uDataRdCnt               
1     0000c36a  _ezDSP_uFECount                 
1     0000c355  _ezDSP_uFlashDataCount          
1     0000c35c  _ezDSP_uFlashErrorCount         
1     0000c357  _ezDSP_uFlashErrorFlag          
1     0000c35d  _ezDSP_uFlashRdCnt              
1     0000c367  _ezDSP_uISRRxCount              
1     0000c366  _ezDSP_uISRTxCount              
1     0000c354  _ezDSP_uLive                    
1     0000c35e  _ezDSP_uMaxRxFifoCnt            
1     0000c362  _ezDSP_uMaxTxFifoCnt            
1     0000c369  _ezDSP_uOECount                 
1     0000c36c  _ezDSP_uOnChipFlash             
1     0000c36e  _ezDSP_uPECount                 
1     0000c372  _ezDSP_uRead16BPossible         
1     0000c36d  _ezDSP_uRead8BPossible          
1     0000c35f  _ezDSP_uRxFifoCnt               
1     0000c368  _ezDSP_uSPIFlashInitError       
1     0000c370  _ezDSP_uState                   
1     0000c360  _ezDSP_uTxFifoCnt               
1     0000c361  _ezDSP_uTxFifoFullCnt           
1     0000c36b  _ezDSP_uWrongISRCount           
1     0000c356  _ezDSP_ucFlashCmd               
1     0000c358  _ezDSP_ucFlashRead              
1     0000c374  _ezDSP_ucRx                     
1     0000c376  _ezDSP_ulAddr                   
1     0000c378  _ezDSP_ulData                   
1     0000c37c  _ezDSP_ullData                  
0     00009b95  _fault                          
1     0000c418  _fault_cnt                      
0     00009e70  _floor                          
0     00009e70  _floorf                         
1     0000c000  _i                              
0     0000951b  _initiateIIR1                   
0     000095c8  _initiateIIR2                   
1     0000c001  _j                              
1     0000c005  _k                              
1     0000c436  _loopCnt                        
0     00009f1d  _main                           
1     0000c002  _maxCount_ePWM                  
1     0000c006  _maxCount_samp                  
0     0000a000  _memcpy                         
0     00009dab  _offset                         
0     000089a1  _rsvd_ISR                       
1     0000c430  _uOffsetLoopCnt                 
1     0000c431  _uOffsetMaxCnt                  
1     0000c432  _uOffset_v                      
abs   ffffffff  binit                           
0     00008000  cinit                           
0     00000000  code_start                      
abs   ffffffff  etext                           
abs   ffffffff  pinit                           


GLOBAL SYMBOLS: SORTED BY Symbol Address 

page  address   name                            
----  -------   ----                            
0     00000000  code_start                      
0     00008000  ___cinit__                      
0     00008000  cinit                           
0     000081f4  _DSP28x_usDelay                 
0     000081f8  _INT13_ISR                      
0     00008205  _INT14_ISR                      
0     00008212  _DATALOG_ISR                    
0     0000821f  _RTOSINT_ISR                    
0     0000822c  _EMUINT_ISR                     
0     00008237  _NMI_ISR                        
0     00008242  _ILLEGAL_ISR                    
0     0000824d  _USER1_ISR                      
0     00008258  _USER2_ISR                      
0     00008263  _USER3_ISR                      
0     0000826e  _USER4_ISR                      
0     00008279  _USER5_ISR                      
0     00008284  _USER6_ISR                      
0     0000828f  _USER7_ISR                      
0     0000829a  _USER8_ISR                      
0     000082a5  _USER9_ISR                      
0     000082b0  _USER10_ISR                     
0     000082bb  _USER11_ISR                     
0     000082c6  _USER12_ISR                     
0     000082d1  _XINT1_ISR                      
0     000082ea  _XINT2_ISR                      
0     00008303  _TINT0_ISR                      
0     0000831e  _WAKEINT_ISR                    
0     00008339  _EPWM1_TZINT_ISR                
0     00008354  _EPWM2_TZINT_ISR                
0     0000836f  _EPWM3_TZINT_ISR                
0     0000838a  _EPWM4_TZINT_ISR                
0     000083a5  _EPWM5_TZINT_ISR                
0     000083c0  _EPWM6_TZINT_ISR                
0     000083db  _EPWM7_TZINT_ISR                
0     000083f6  _EPWM8_TZINT_ISR                
0     00008411  _EPWM1_INT_ISR                  
0     0000842c  _EPWM2_INT_ISR                  
0     00008447  _EPWM3_INT_ISR                  
0     00008462  _EPWM4_INT_ISR                  
0     0000847d  _EPWM5_INT_ISR                  
0     00008498  _EPWM6_INT_ISR                  
0     000084b3  _EPWM7_INT_ISR                  
0     000084ce  _EPWM8_INT_ISR                  
0     000084e9  _ECAP1_INT_ISR                  
0     00008504  _ECAP2_INT_ISR                  
0     0000851f  _ECAP3_INT_ISR                  
0     0000853a  _ECAP4_INT_ISR                  
0     00008555  _ECAP5_INT_ISR                  
0     00008570  _ECAP6_INT_ISR                  
0     0000858b  _EQEP1_INT_ISR                  
0     000085a6  _EQEP2_INT_ISR                  
0     000085c1  _EQEP3_INT_ISR                  
0     000085dc  _SPIRXINTA_ISR                  
0     000085f7  _SPITXINTA_ISR                  
0     00008612  _MRINTB_ISR                     
0     0000862d  _MXINTB_ISR                     
0     00008648  _MRINTA_ISR                     
0     00008663  _MXINTA_ISR                     
0     0000867e  _SPIRXINTD_ISR                  
0     00008699  _SPITXINTD_ISR                  
0     000086b4  _DINTCH1_ISR                    
0     000086cf  _DINTCH2_ISR                    
0     000086ea  _DINTCH3_ISR                    
0     00008705  _DINTCH4_ISR                    
0     00008720  _DINTCH5_ISR                    
0     0000873b  _DINTCH6_ISR                    
0     00008756  _I2CINT1A_ISR                   
0     00008771  _I2CINT2A_ISR                   
0     0000878c  _SCIRXINTC_ISR                  
0     000087a7  _SCITXINTC_ISR                  
0     000087c2  _SCIRXINTA_ISR                  
0     000087dd  _SCITXINTA_ISR                  
0     000087f8  _SCIRXINTB_ISR                  
0     00008813  _SCITXINTB_ISR                  
0     0000882e  _ECAN0INTA_ISR                  
0     00008849  _ECAN1INTA_ISR                  
0     00008864  _ECAN0INTB_ISR                  
0     0000887f  _ECAN1INTB_ISR                  
0     0000889a  _EPWM9_TZINT_ISR                
0     000088b5  _EPWM9_INT_ISR                  
0     000088d0  _XINT3_ISR                      
0     000088eb  _XINT4_ISR                      
0     00008906  _XINT5_ISR                      
0     00008921  _XINT6_ISR                      
0     0000893c  _XINT7_ISR                      
0     00008957  _LVF_ISR                        
0     00008972  _LUF_ISR                        
0     0000898d  _PIE_RESERVED                   
0     00008997  _INT_NOTUSED_ISR                
0     000089a1  _rsvd_ISR                       
0     000089ab  _delaycc                        
0     000089c5  _InitParameter                  
0     00008a18  _Init_Controller                
0     00008caa  _InitObs                        
0     00008da0  _SpeedObserver                  
0     00008fab  _InitFlag                       
0     00008fb5  _UpdateGain                     
0     00008fba  _Switch_DSP_INV_On              
0     00008fe5  _Switch_DSP_INV_Off             
0     0000904f  _MTPA_table                     
0     0000913f  _easy_RXINT_ISR                 
0     0000951b  _initiateIIR1                   
0     00009598  _IIR1Update                     
0     000095c8  _initiateIIR2                   
0     00009701  _IIR2Update                     
0     00009751  _InitEPwm                       
0     000097c5  _InitEPwmGpio                   
0     000097cc  _ConfigureEPWM                  
0     00009891  _InitEPwm1Gpio                  
0     000098a3  _InitEPwm2Gpio                  
0     000098b5  _InitEPwm3Gpio                  
0     000098c9  _InitEPwm4Gpio                  
0     000098dd  _InitSysCtrl                    
0     000098e6  _ServiceDog                     
0     000098f0  _DisableDog                     
0     000098f8  _InitPll                        
0     0000995f  _InitPeripheralClocks           
0     000099c1  _CsmUnlock                      
0     000099dd  _InitAdc                        
0     000099e8  _ADC_Process                    
0     00009a3b  _ADCOffset                      
0     00009ae8  _easyDSP_SCI_Init               
0     00009b48  _easyDSP_SPI_Flashrom_Init      
0     00009b95  _fault                          
0     00009c2d  FS$$DIV                         
0     00009cb5  _XintfInit                      
0     00009ce9  _InitXintf16Gpio                
0     00009d31  _InitCpuTimers                  
0     00009d6a  _ConfigCpuTimer                 
0     00009dab  _offset                         
0     00009e17  _cc                             
0     00009e70  _floor                          
0     00009e70  _floorf                         
0     00009ec7  _c_int00                        
0     00009f1d  _main                           
0     00009f5d  C$$EXIT                         
0     00009f5d  _abort                          
0     00009f5f  _exit                           
0     00009f86  _InitPieCtrl                    
0     00009fa5  _EnableInterrupts               
0     00009fae  _copy_in                        
0     00009fd2  LL$$CMP                         
0     00009fe4  ULL$$CMP                        
0     00009ff0  __register_unlock               
0     00009ff4  __register_lock                 
0     00009ff8  __nop                           
0     00009ff9  __system_pre_init               
0     00009ffb  __system_post_cinit             
0     0000a000  _memcpy                         
0     0000a01e  _InitPieVectTable               
0     0000a03a  __args_main                     
0     0000a053  _InitGpio                       
1     00000400  __stack                         
1     00000700  __STACK_END                     
1     00000880  _DevEmuRegs                     
1     00000ae0  _CsmRegs                        
1     00000b20  _XintfRegs                      
1     00000c00  _CpuTimer0Regs                  
1     00000c08  _CpuTimer1Regs                  
1     00000c10  _CpuTimer2Regs                  
1     00000ce0  _PieCtrlRegs                    
1     00000d00  _PieVectTable                   
1     00001000  _DmaRegs                        
1     00005000  _McbspaRegs                     
1     00005040  _McbspbRegs                     
1     00006000  _ECanaRegs                      
1     00006040  _ECanaLAMRegs                   
1     00006080  _ECanaMOTSRegs                  
1     000060c0  _ECanaMOTORegs                  
1     00006100  _ECanaMboxes                    
1     00006200  _ECanbRegs                      
1     00006240  _ECanbLAMRegs                   
1     00006280  _ECanbMOTSRegs                  
1     000062c0  _ECanbMOTORegs                  
1     00006300  _ECanbMboxes                    
1     00006600  _EPwm9Regs                      
1     00006800  _EPwm1Regs                      
1     00006840  _EPwm2Regs                      
1     00006880  _EPwm3Regs                      
1     000068c0  _EPwm4Regs                      
1     00006900  _EPwm5Regs                      
1     00006940  _EPwm6Regs                      
1     00006980  _EPwm7Regs                      
1     000069c0  _EPwm8Regs                      
1     00006a00  _ECap1Regs                      
1     00006a20  _ECap2Regs                      
1     00006a40  _ECap3Regs                      
1     00006a60  _ECap4Regs                      
1     00006a80  _ECap5Regs                      
1     00006aa0  _ECap6Regs                      
1     00006b00  _EQep1Regs                      
1     00006b40  _EQep2Regs                      
1     00006b80  _EQep3Regs                      
1     00006f80  _GpioCtrlRegs                   
1     00006fc0  _GpioDataRegs                   
1     00006fe0  _GpioIntRegs                    
1     00007010  _SysCtrlRegs                    
1     00007040  _SpiaRegs                       
1     00007050  _SciaRegs                       
1     00007070  _XIntruptRegs                   
1     00007750  _ScibRegs                       
1     00007770  _ScicRegs                       
1     00007780  _SpidRegs                       
1     00007900  _I2caRegs                       
1     0000c000  _i                              
1     0000c001  _j                              
1     0000c002  _maxCount_ePWM                  
1     0000c003  _Reset                          
1     0000c004  _cnt_delay                      
1     0000c005  _k                              
1     0000c006  _maxCount_samp                  
1     0000c008  _Tsamp                          
1     0000c00a  _Tdead                          
1     0000c00c  _PWM_CLK                        
1     0000c00e  _Tdelay                         
1     0000c010  _Fsamp                          
1     0000c012  _Flag                           
1     0000c040  _Idse_ref_MTPA                  
1     0000c080  _Iqse_ref_MTPA                  
1     0000c0c0  _Te_ref_MTPA                    
1     0000c100  _SpdObs                         
1     0000c140  _INV                            
1     0000c354  _ezDSP_uLive                    
1     0000c355  _ezDSP_uFlashDataCount          
1     0000c356  _ezDSP_ucFlashCmd               
1     0000c357  _ezDSP_uFlashErrorFlag          
1     0000c358  _ezDSP_ucFlashRead              
1     0000c359  _ezDSP_uAddrRdCnt               
1     0000c35a  _ezDSP_uChksum                  
1     0000c35b  _ezDSP_uDataRdCnt               
1     0000c35c  _ezDSP_uFlashErrorCount         
1     0000c35d  _ezDSP_uFlashRdCnt              
1     0000c35e  _ezDSP_uMaxRxFifoCnt            
1     0000c35f  _ezDSP_uRxFifoCnt               
1     0000c360  _ezDSP_uTxFifoCnt               
1     0000c361  _ezDSP_uTxFifoFullCnt           
1     0000c362  _ezDSP_uMaxTxFifoCnt            
1     0000c363  _ezDSP_uBlockIndex              
1     0000c364  _ezDSP_uBlockSize               
1     0000c365  _ezDSP_uChkSumCalculated        
1     0000c366  _ezDSP_uISRTxCount              
1     0000c367  _ezDSP_uISRRxCount              
1     0000c368  _ezDSP_uSPIFlashInitError       
1     0000c369  _ezDSP_uOECount                 
1     0000c36a  _ezDSP_uFECount                 
1     0000c36b  _ezDSP_uWrongISRCount           
1     0000c36c  _ezDSP_uOnChipFlash             
1     0000c36d  _ezDSP_uRead8BPossible          
1     0000c36e  _ezDSP_uPECount                 
1     0000c36f  _ezDSP_Version_SCI              
1     0000c370  _ezDSP_uState                   
1     0000c371  _ezDSP_uData                    
1     0000c372  _ezDSP_uRead16BPossible         
1     0000c373  _ezDSP_uBRKDTCount              
1     0000c374  _ezDSP_ucRx                     
1     0000c376  _ezDSP_ulAddr                   
1     0000c378  _ezDSP_ulData                   
1     0000c37a  _ezDSP_fFloat                   
1     0000c37c  _ezDSP_ullData                  
1     0000c380  _ezDSP_nEndPos                  
1     0000c381  _ezDSP_nMaxBuffSize             
1     0000c382  _ezDSP_nStartPos                
1     0000c383  _ezDSP_ringBuffer               
1     0000c3b5  _errno                          
1     0000c3b6  _IERBackupCC                    
1     0000c3b7  _Vin_low                        
1     0000c3b8  _cc_cnt                         
1     0000c3ba  _ccTimerstart                   
1     0000c3bc  _Time_CC                        
1     0000c3be  __lock                          
1     0000c3c0  _DacOffset                      
1     0000c3c1  _da_type                        
1     0000c3c5  _da_data                        
1     0000c3ca  _da_mid                         
1     0000c3d2  _da_scale                       
1     0000c3da  _da_temp                        
1     0000c3e2  _da                             
1     0000c3ea  _ADCsetVal                      
1     0000c3eb  _ADCH                           
1     0000c3f0  _ScaleAin                       
1     0000c3f8  _OffsetAin                      
1     0000c400  _CpuTimer1                      
1     0000c408  _CpuTimer2                      
1     0000c410  _CpuTimer0                      
1     0000c418  _fault_cnt                      
1     0000c419  _Fault_info                     
1     0000c41c  _Fault_value                    
1     0000c42a  ___TI_enable_exit_profile_output
1     0000c42c  ___TI_cleanup_ptr               
1     0000c42e  ___TI_dtors_ptr                 
1     0000c430  _uOffsetLoopCnt                 
1     0000c431  _uOffsetMaxCnt                  
1     0000c432  _uOffset_v                      
1     0000c434  __unlock                        
1     0000c436  _loopCnt                        
1     0000e000  _PieVectTableInit               
1     0033fff8  _CsmPwl                         
abs   00000300  __STACK_SIZE                    
abs   ffffffff  .text                           
abs   ffffffff  ___TI_pprof_out_hndl            
abs   ffffffff  ___TI_prof_data_size            
abs   ffffffff  ___TI_prof_data_start           
abs   ffffffff  ___binit__                      
abs   ffffffff  ___c_args__                     
abs   ffffffff  ___etext__                      
abs   ffffffff  ___pinit__                      
abs   ffffffff  ___text__                       
abs   ffffffff  binit                           
abs   ffffffff  etext                           
abs   ffffffff  pinit                           

[310 symbols]
